Archive member included to satisfy reference by file (symbol)

c:/st/stm32cubeide_1.7.0/stm32cubeide/plugins/com.st.stm32cube.ide.mcu.externaltools.gnu-tools-for-stm32.9-2020-q2-update.win32_2.0.0.202105311346/tools/bin/../lib/gcc/arm-none-eabi/9.3.1/../../../../arm-none-eabi/lib/thumb/v7e-m+fp/hard\libc_nano.a(lib_a-calloc.o)
                              ./src/hal/memory/lib_memory.o (calloc)
c:/st/stm32cubeide_1.7.0/stm32cubeide/plugins/com.st.stm32cube.ide.mcu.externaltools.gnu-tools-for-stm32.9-2020-q2-update.win32_2.0.0.202105311346/tools/bin/../lib/gcc/arm-none-eabi/9.3.1/../../../../arm-none-eabi/lib/thumb/v7e-m+fp/hard\libc_nano.a(lib_a-errno.o)
                              ./Core/Src/syscalls.o (__errno)
c:/st/stm32cubeide_1.7.0/stm32cubeide/plugins/com.st.stm32cube.ide.mcu.externaltools.gnu-tools-for-stm32.9-2020-q2-update.win32_2.0.0.202105311346/tools/bin/../lib/gcc/arm-none-eabi/9.3.1/../../../../arm-none-eabi/lib/thumb/v7e-m+fp/hard\libc_nano.a(lib_a-exit.o)
                              c:/st/stm32cubeide_1.7.0/stm32cubeide/plugins/com.st.stm32cube.ide.mcu.externaltools.gnu-tools-for-stm32.9-2020-q2-update.win32_2.0.0.202105311346/tools/bin/../lib/gcc/arm-none-eabi/9.3.1/../../../../arm-none-eabi/lib/thumb/v7e-m+fp/hard/crt0.o (exit)
c:/st/stm32cubeide_1.7.0/stm32cubeide/plugins/com.st.stm32cube.ide.mcu.externaltools.gnu-tools-for-stm32.9-2020-q2-update.win32_2.0.0.202105311346/tools/bin/../lib/gcc/arm-none-eabi/9.3.1/../../../../arm-none-eabi/lib/thumb/v7e-m+fp/hard\libc_nano.a(lib_a-gmtime_r.o)
                              ./src/iec60870/apl/cpXXtime2a.o (gmtime_r)
c:/st/stm32cubeide_1.7.0/stm32cubeide/plugins/com.st.stm32cube.ide.mcu.externaltools.gnu-tools-for-stm32.9-2020-q2-update.win32_2.0.0.202105311346/tools/bin/../lib/gcc/arm-none-eabi/9.3.1/../../../../arm-none-eabi/lib/thumb/v7e-m+fp/hard\libc_nano.a(lib_a-impure.o)
                              c:/st/stm32cubeide_1.7.0/stm32cubeide/plugins/com.st.stm32cube.ide.mcu.externaltools.gnu-tools-for-stm32.9-2020-q2-update.win32_2.0.0.202105311346/tools/bin/../lib/gcc/arm-none-eabi/9.3.1/../../../../arm-none-eabi/lib/thumb/v7e-m+fp/hard\libc_nano.a(lib_a-exit.o) (_global_impure_ptr)
c:/st/stm32cubeide_1.7.0/stm32cubeide/plugins/com.st.stm32cube.ide.mcu.externaltools.gnu-tools-for-stm32.9-2020-q2-update.win32_2.0.0.202105311346/tools/bin/../lib/gcc/arm-none-eabi/9.3.1/../../../../arm-none-eabi/lib/thumb/v7e-m+fp/hard\libc_nano.a(lib_a-init.o)
                              c:/st/stm32cubeide_1.7.0/stm32cubeide/plugins/com.st.stm32cube.ide.mcu.externaltools.gnu-tools-for-stm32.9-2020-q2-update.win32_2.0.0.202105311346/tools/bin/../lib/gcc/arm-none-eabi/9.3.1/../../../../arm-none-eabi/lib/thumb/v7e-m+fp/hard/crt0.o (__libc_init_array)
c:/st/stm32cubeide_1.7.0/stm32cubeide/plugins/com.st.stm32cube.ide.mcu.externaltools.gnu-tools-for-stm32.9-2020-q2-update.win32_2.0.0.202105311346/tools/bin/../lib/gcc/arm-none-eabi/9.3.1/../../../../arm-none-eabi/lib/thumb/v7e-m+fp/hard\libc_nano.a(lib_a-malloc.o)
                              ./src/hal/memory/lib_memory.o (malloc)
c:/st/stm32cubeide_1.7.0/stm32cubeide/plugins/com.st.stm32cube.ide.mcu.externaltools.gnu-tools-for-stm32.9-2020-q2-update.win32_2.0.0.202105311346/tools/bin/../lib/gcc/arm-none-eabi/9.3.1/../../../../arm-none-eabi/lib/thumb/v7e-m+fp/hard\libc_nano.a(lib_a-memcpy-stub.o)
                              ./src/iec60870/cs101/cs101_asdu.o (memcpy)
c:/st/stm32cubeide_1.7.0/stm32cubeide/plugins/com.st.stm32cube.ide.mcu.externaltools.gnu-tools-for-stm32.9-2020-q2-update.win32_2.0.0.202105311346/tools/bin/../lib/gcc/arm-none-eabi/9.3.1/../../../../arm-none-eabi/lib/thumb/v7e-m+fp/hard\libc_nano.a(lib_a-memset.o)
                              c:/st/stm32cubeide_1.7.0/stm32cubeide/plugins/com.st.stm32cube.ide.mcu.externaltools.gnu-tools-for-stm32.9-2020-q2-update.win32_2.0.0.202105311346/tools/bin/../lib/gcc/arm-none-eabi/9.3.1/../../../../arm-none-eabi/lib/thumb/v7e-m+fp/hard/crt0.o (memset)
c:/st/stm32cubeide_1.7.0/stm32cubeide/plugins/com.st.stm32cube.ide.mcu.externaltools.gnu-tools-for-stm32.9-2020-q2-update.win32_2.0.0.202105311346/tools/bin/../lib/gcc/arm-none-eabi/9.3.1/../../../../arm-none-eabi/lib/thumb/v7e-m+fp/hard\libc_nano.a(lib_a-nano-callocr.o)
                              c:/st/stm32cubeide_1.7.0/stm32cubeide/plugins/com.st.stm32cube.ide.mcu.externaltools.gnu-tools-for-stm32.9-2020-q2-update.win32_2.0.0.202105311346/tools/bin/../lib/gcc/arm-none-eabi/9.3.1/../../../../arm-none-eabi/lib/thumb/v7e-m+fp/hard\libc_nano.a(lib_a-calloc.o) (_calloc_r)
c:/st/stm32cubeide_1.7.0/stm32cubeide/plugins/com.st.stm32cube.ide.mcu.externaltools.gnu-tools-for-stm32.9-2020-q2-update.win32_2.0.0.202105311346/tools/bin/../lib/gcc/arm-none-eabi/9.3.1/../../../../arm-none-eabi/lib/thumb/v7e-m+fp/hard\libc_nano.a(lib_a-nano-freer.o)
[...]
Memory Configuration

Name             Origin             Length             Attributes
RAM              0x0000000020000000 0x0000000000018000 xrw
FLASH            0x0000000008000000 0x0000000000080000 xr
*default*        0x0000000000000000 0xffffffffffffffff

Linker script and memory map

LOAD c:/st/stm32cubeide_1.7.0/stm32cubeide/plugins/com.st.stm32cube.ide.mcu.externaltools.gnu-tools-for-stm32.9-2020-q2-update.win32_2.0.0.202105311346/tools/bin/../lib/gcc/arm-none-eabi/9.3.1/thumb/v7e-m+fp/hard/crti.o
LOAD c:/st/stm32cubeide_1.7.0/stm32cubeide/plugins/com.st.stm32cube.ide.mcu.externaltools.gnu-tools-for-stm32.9-2020-q2-update.win32_2.0.0.202105311346/tools/bin/../lib/gcc/arm-none-eabi/9.3.1/thumb/v7e-m+fp/hard/crtbegin.o
LOAD c:/st/stm32cubeide_1.7.0/stm32cubeide/plugins/com.st.stm32cube.ide.mcu.externaltools.gnu-tools-for-stm32.9-2020-q2-update.win32_2.0.0.202105311346/tools/bin/../lib/gcc/arm-none-eabi/9.3.1/../../../../arm-none-eabi/lib/thumb/v7e-m+fp/hard/crt0.o
LOAD ./Core/Src/main_master.o
LOAD ./Core/Src/stm32f4xx_hal_msp.o
LOAD ./Core/Src/stm32f4xx_it.o
LOAD ./Core/Src/syscalls.o
LOAD ./Core/Src/sysmem.o
LOAD ./Core/Src/system_stm32f4xx.o
LOAD ./Core/Startup/startup_stm32f401retx.o
LOAD ./Drivers/STM32F4xx_HAL_Driver/Src/stm32f4xx_hal.o
LOAD ./Drivers/STM32F4xx_HAL_Driver/Src/stm32f4xx_hal_cortex.o
LOAD ./Drivers/STM32F4xx_HAL_Driver/Src/stm32f4xx_hal_crc.o
LOAD ./Drivers/STM32F4xx_HAL_Driver/Src/stm32f4xx_hal_dma.o
LOAD ./Drivers/STM32F4xx_HAL_Driver/Src/stm32f4xx_hal_dma_ex.o
LOAD ./Drivers/STM32F4xx_HAL_Driver/Src/stm32f4xx_hal_exti.o
LOAD ./Drivers/STM32F4xx_HAL_Driver/Src/stm32f4xx_hal_flash.o
LOAD ./Drivers/STM32F4xx_HAL_Driver/Src/stm32f4xx_hal_flash_ex.o
LOAD ./Drivers/STM32F4xx_HAL_Driver/Src/stm32f4xx_hal_flash_ramfunc.o
LOAD ./Drivers/STM32F4xx_HAL_Driver/Src/stm32f4xx_hal_gpio.o
LOAD ./Drivers/STM32F4xx_HAL_Driver/Src/stm32f4xx_hal_pwr.o
LOAD ./Drivers/STM32F4xx_HAL_Driver/Src/stm32f4xx_hal_pwr_ex.o
LOAD ./Drivers/STM32F4xx_HAL_Driver/Src/stm32f4xx_hal_rcc.o
LOAD ./Drivers/STM32F4xx_HAL_Driver/Src/stm32f4xx_hal_rcc_ex.o
LOAD ./Drivers/STM32F4xx_HAL_Driver/Src/stm32f4xx_hal_tim.o
LOAD ./Drivers/STM32F4xx_HAL_Driver/Src/stm32f4xx_hal_tim_ex.o
LOAD ./Drivers/STM32F4xx_HAL_Driver/Src/stm32f4xx_hal_uart.o
LOAD ./src/common/linked_list.o
LOAD ./src/hal/memory/lib_memory.o
LOAD ./src/iec60870/apl/cpXXtime2a.o
LOAD ./src/iec60870/cs101/cs101_asdu.o
LOAD ./src/iec60870/cs101/cs101_bcr.o
LOAD ./src/iec60870/cs101/cs101_information_objects.o
LOAD ./src/iec60870/cs101/cs101_master.o
LOAD ./src/iec60870/cs101/cs101_master_connection.o
LOAD ./src/iec60870/cs101/cs101_queue.o
LOAD ./src/iec60870/cs101/cs101_slave.o
LOAD ./src/iec60870/cs104/cs104_connection.o
LOAD ./src/iec60870/cs104/cs104_frame.o
LOAD ./src/iec60870/frame.o
LOAD ./src/iec60870/lib60870_common.o
LOAD ./src/iec60870/link_layer/buffer_frame.o
LOAD ./src/iec60870/link_layer/link_layer.o
LOAD ./src/iec60870/link_layer/serial_transceiver_ft_1_2.o
START GROUP
LOAD c:/st/stm32cubeide_1.7.0/stm32cubeide/plugins/com.st.stm32cube.ide.mcu.externaltools.gnu-tools-for-stm32.9-2020-q2-update.win32_2.0.0.202105311346/tools/bin/../lib/gcc/arm-none-eabi/9.3.1/../../../../arm-none-eabi/lib/thumb/v7e-m+fp/hard\libc_nano.a
LOAD c:/st/stm32cubeide_1.7.0/stm32cubeide/plugins/com.st.stm32cube.ide.mcu.externaltools.gnu-tools-for-stm32.9-2020-q2-update.win32_2.0.0.202105311346/tools/bin/../lib/gcc/arm-none-eabi/9.3.1/../../../../arm-none-eabi/lib/thumb/v7e-m+fp/hard\libm.a
END GROUP
START GROUP
LOAD c:/st/stm32cubeide_1.7.0/stm32cubeide/plugins/com.st.stm32cube.ide.mcu.externaltools.gnu-tools-for-stm32.9-2020-q2-update.win32_2.0.0.202105311346/tools/bin/../lib/gcc/arm-none-eabi/9.3.1/thumb/v7e-m+fp/hard\libgcc.a
LOAD c:/st/stm32cubeide_1.7.0/stm32cubeide/plugins/com.st.stm32cube.ide.mcu.externaltools.gnu-tools-for-stm32.9-2020-q2-update.win32_2.0.0.202105311346/tools/bin/../lib/gcc/arm-none-eabi/9.3.1/../../../../arm-none-eabi/lib/thumb/v7e-m+fp/hard\libc_nano.a
END GROUP
START GROUP
LOAD c:/st/stm32cubeide_1.7.0/stm32cubeide/plugins/com.st.stm32cube.ide.mcu.externaltools.gnu-tools-for-stm32.9-2020-q2-update.win32_2.0.0.202105311346/tools/bin/../lib/gcc/arm-none-eabi/9.3.1/thumb/v7e-m+fp/hard\libgcc.a
LOAD c:/st/stm32cubeide_1.7.0/stm32cubeide/plugins/com.st.stm32cube.ide.mcu.externaltools.gnu-tools-for-stm32.9-2020-q2-update.win32_2.0.0.202105311346/tools/bin/../lib/gcc/arm-none-eabi/9.3.1/../../../../arm-none-eabi/lib/thumb/v7e-m+fp/hard\libc_nano.a
LOAD c:/st/stm32cubeide_1.7.0/stm32cubeide/plugins/com.st.stm32cube.ide.mcu.externaltools.gnu-tools-for-stm32.9-2020-q2-update.win32_2.0.0.202105311346/tools/bin/../lib/gcc/arm-none-eabi/9.3.1/../../../../arm-none-eabi/lib/thumb/v7e-m+fp/hard\libnosys.a
END GROUP
START GROUP
LOAD c:/st/stm32cubeide_1.7.0/stm32cubeide/plugins/com.st.stm32cube.ide.mcu.externaltools.gnu-tools-for-stm32.9-2020-q2-update.win32_2.0.0.202105311346/tools/bin/../lib/gcc/arm-none-eabi/9.3.1/thumb/v7e-m+fp/hard\libgcc.a
LOAD c:/st/stm32cubeide_1.7.0/stm32cubeide/plugins/com.st.stm32cube.ide.mcu.externaltools.gnu-tools-for-stm32.9-2020-q2-update.win32_2.0.0.202105311346/tools/bin/../lib/gcc/arm-none-eabi/9.3.1/../../../../arm-none-eabi/lib/thumb/v7e-m+fp/hard\libc_nano.a
LOAD c:/st/stm32cubeide_1.7.0/stm32cubeide/plugins/com.st.stm32cube.ide.mcu.externaltools.gnu-tools-for-stm32.9-2020-q2-update.win32_2.0.0.202105311346/tools/bin/../lib/gcc/arm-none-eabi/9.3.1/../../../../arm-none-eabi/lib/thumb/v7e-m+fp/hard\libnosys.a
END GROUP
LOAD c:/st/stm32cubeide_1.7.0/stm32cubeide/plugins/com.st.stm32cube.ide.mcu.externaltools.gnu-tools-for-stm32.9-2020-q2-update.win32_2.0.0.202105311346/tools/bin/../lib/gcc/arm-none-eabi/9.3.1/thumb/v7e-m+fp/hard/crtend.o
LOAD c:/st/stm32cubeide_1.7.0/stm32cubeide/plugins/com.st.stm32cube.ide.mcu.externaltools.gnu-tools-for-stm32.9-2020-q2-update.win32_2.0.0.202105311346/tools/bin/../lib/gcc/arm-none-eabi/9.3.1/thumb/v7e-m+fp/hard/crtn.o
                0x0000000020018000                _estack = (ORIGIN (RAM) + LENGTH (RAM))
                0x0000000000000200                _Min_Heap_Size = 0x200
                0x0000000000000400                _Min_Stack_Size = 0x400

.isr_vector     0x0000000008000000      0x194
                0x0000000008000000                . = ALIGN (0x4)
 *(.isr_vector)
 .isr_vector    0x0000000008000000      0x194 ./Core/Startup/startup_stm32f401retx.o
                0x0000000008000000                g_pfnVectors
                0x0000000008000194                . = ALIGN (0x4)

.text           0x00000000080001a0     0xf694
                0x00000000080001a0                . = ALIGN (0x4)
 *(.text)
 .text          0x00000000080001a0       0x40 c:/st/stm32cubeide_1.7.0/stm32cubeide/plugins/com.st.stm32cube.ide.mcu.externaltools.gnu-tools-for-stm32.9-2020-q2-update.win32_2.0.0.202105311346/tools/bin/../lib/gcc/arm-none-eabi/9.3.1/thumb/v7e-m+fp/hard/crtbegin.o
 .text          0x00000000080001e0       0x10 c:/st/stm32cubeide_1.7.0/stm32cubeide/plugins/com.st.stm32cube.ide.mcu.externaltools.gnu-tools-for-stm32.9-2020-q2-update.win32_2.0.0.202105311346/tools/bin/../lib/gcc/arm-none-eabi/9.3.1/../../../../arm-none-eabi/lib/thumb/v7e-m+fp/hard\libc_nano.a(lib_a-strlen.o)
                0x00000000080001e0                strlen
 .text          0x00000000080001f0       0xa0 c:/st/stm32cubeide_1.7.0/stm32cubeide/plugins/com.st.stm32cube.ide.mcu.externaltools.gnu-tools-for-stm32.9-2020-q2-update.win32_2.0.0.202105311346/tools/bin/../lib/gcc/arm-none-eabi/9.3.1/../../../../arm-none-eabi/lib/thumb/v7e-m+fp/hard\libc_nano.a(lib_a-memchr.o)
                0x00000000080001f0                memchr
 .text          0x0000000008000290      0x378 c:/st/stm32cubeide_1.7.0/stm32cubeide/plugins/com.st.stm32cube.ide.mcu.externaltools.gnu-tools-for-stm32.9-2020-q2-update.win32_2.0.0.202105311346/tools/bin/../lib/gcc/arm-none-eabi/9.3.1/thumb/v7e-m+fp/hard\libgcc.a(_arm_addsubdf3.o)
                0x0000000008000290                __aeabi_drsub
                0x0000000008000298                __aeabi_dsub
                0x0000000008000298                __subdf3
                0x000000000800029c                __aeabi_dadd
                0x000000000800029c                __adddf3
                0x0000000008000514                __floatunsidf
                0x0000000008000514                __aeabi_ui2d
                0x0000000008000534                __floatsidf
                0x0000000008000534                __aeabi_i2d
                0x0000000008000558                __aeabi_f2d
                0x0000000008000558                __extendsfdf2
                0x000000000800059c                __floatundidf
                0x000000000800059c                __aeabi_ul2d
                0x00000000080005ac                __floatdidf
                0x00000000080005ac                __aeabi_l2d
 .text          0x0000000008000608      0x424 c:/st/stm32cubeide_1.7.0/stm32cubeide/plugins/com.st.stm32cube.ide.mcu.externaltools.gnu-tools-for-stm32.9-2020-q2-update.win32_2.0.0.202105311346/tools/bin/../lib/gcc/arm-none-eabi/9.3.1/thumb/v7e-m+fp/hard\libgcc.a(_arm_muldivdf3.o)
                0x0000000008000608                __aeabi_dmul
                0x0000000008000608                __muldf3
                0x000000000800085c                __divdf3
                0x000000000800085c                __aeabi_ddiv
 .text          0x0000000008000a2c      0x110 c:/st/stm32cubeide_1.7.0/stm32cubeide/plugins/com.st.stm32cube.ide.mcu.externaltools.gnu-tools-for-stm32.9-2020-q2-update.win32_2.0.0.202105311346/tools/bin/../lib/gcc/arm-none-eabi/9.3.1/thumb/v7e-m+fp/hard\libgcc.a(_arm_cmpdf2.o)
                0x0000000008000a2c                __gtdf2
                0x0000000008000a2c                __gedf2
                0x0000000008000a34                __ltdf2
                0x0000000008000a34                __ledf2
                0x0000000008000a3c                __nedf2
                0x0000000008000a3c                __eqdf2
                0x0000000008000a3c                __cmpdf2
                0x0000000008000ab8                __aeabi_cdrcmple
                0x0000000008000ac8                __aeabi_cdcmpeq
                0x0000000008000ac8                __aeabi_cdcmple
                0x0000000008000ad8                __aeabi_dcmpeq
                0x0000000008000aec                __aeabi_dcmplt
                0x0000000008000b00                __aeabi_dcmple
                0x0000000008000b14                __aeabi_dcmpge
                0x0000000008000b28                __aeabi_dcmpgt
 .text          0x0000000008000b3c       0x2c c:/st/stm32cubeide_1.7.0/stm32cubeide/plugins/com.st.stm32cube.ide.mcu.externaltools.gnu-tools-for-stm32.9-2020-q2-update.win32_2.0.0.202105311346/tools/bin/../lib/gcc/arm-none-eabi/9.3.1/thumb/v7e-m+fp/hard\libgcc.a(_arm_unorddf2.o)
                0x0000000008000b3c                __unorddf2
                0x0000000008000b3c                __aeabi_dcmpun
 .text          0x0000000008000b68       0x50 c:/st/stm32cubeide_1.7.0/stm32cubeide/plugins/com.st.stm32cube.ide.mcu.externaltools.gnu-tools-for-stm32.9-2020-q2-update.win32_2.0.0.202105311346/tools/bin/../lib/gcc/arm-none-eabi/9.3.1/thumb/v7e-m+fp/hard\libgcc.a(_arm_fixdfsi.o)
                0x0000000008000b68                __aeabi_d2iz
                0x0000000008000b68                __fixdfsi
 .text          0x0000000008000bb8       0x30 c:/st/stm32cubeide_1.7.0/stm32cubeide/plugins/com.st.stm32cube.ide.mcu.externaltools.gnu-tools-for-stm32.9-2020-q2-update.win32_2.0.0.202105311346/tools/bin/../lib/gcc/arm-none-eabi/9.3.1/thumb/v7e-m+fp/hard\libgcc.a(_aeabi_uldivmod.o)
                0x0000000008000bb8                __aeabi_uldivmod
 .text          0x0000000008000be8      0x2c4 c:/st/stm32cubeide_1.7.0/stm32cubeide/plugins/com.st.stm32cube.ide.mcu.externaltools.gnu-tools-for-stm32.9-2020-q2-update.win32_2.0.0.202105311346/tools/bin/../lib/gcc/arm-none-eabi/9.3.1/thumb/v7e-m+fp/hard\libgcc.a(_udivmoddi4.o)
                0x0000000008000be8                __udivmoddi4
 .text          0x0000000008000eac        0x4 c:/st/stm32cubeide_1.7.0/stm32cubeide/plugins/com.st.stm32cube.ide.mcu.externaltools.gnu-tools-for-stm32.9-2020-q2-update.win32_2.0.0.202105311346/tools/bin/../lib/gcc/arm-none-eabi/9.3.1/thumb/v7e-m+fp/hard\libgcc.a(_dvmd_tls.o)
                0x0000000008000eac                __aeabi_idiv0
                0x0000000008000eac                __aeabi_ldiv0
 *(.text*)
 .text.rawMessageHandler
                0x0000000008000eb0       0x60 ./Core/Src/main_master.o
 .text.asduReceivedHandler
                0x0000000008000f10      0x1d0 ./Core/Src/main_master.o
 .text.linkLayerStateChanged
                0x00000000080010e0       0x6c ./Core/Src/main_master.o
 .text.main     0x000000000800114c      0x2c0 ./Core/Src/main_master.o
                0x000000000800114c                main
 .text.SystemClock_Config
                0x000000000800140c       0xd4 ./Core/Src/main_master.o
                0x000000000800140c                SystemClock_Config
 .text.MX_CRC_Init
                0x00000000080014e0       0x28 ./Core/Src/main_master.o
 .text.MX_USART1_UART_Init
                0x0000000008001508       0x54 ./Core/Src/main_master.o
 .text.MX_USART2_UART_Init
                0x000000000800155c       0x54 ./Core/Src/main_master.o
 .text.MX_GPIO_Init
                0x00000000080015b0      0x108 ./Core/Src/main_master.o
 .text.printmsg
                0x00000000080016b8       0x44 ./Core/Src/main_master.o
                0x00000000080016b8                printmsg
 .text.HAL_UART_RxCpltCallback
                0x00000000080016fc       0xcc ./Core/Src/main_master.o
                0x00000000080016fc                HAL_UART_RxCpltCallback
 .text.HAL_GPIO_EXTI_Callback
                0x00000000080017c8       0x16 ./Core/Src/main_master.o
                0x00000000080017c8                HAL_GPIO_EXTI_Callback
 .text.Error_Handler
                0x00000000080017de        0xa ./Core/Src/main_master.o
                0x00000000080017de                Error_Handler
 .text.HAL_MspInit
                0x00000000080017e8       0x50 ./Core/Src/stm32f4xx_hal_msp.o
                0x00000000080017e8                HAL_MspInit
 .text.HAL_CRC_MspInit
                0x0000000008001838       0x44 ./Core/Src/stm32f4xx_hal_msp.o
                0x0000000008001838                HAL_CRC_MspInit
 .text.HAL_UART_MspInit
                0x000000000800187c      0x108 ./Core/Src/stm32f4xx_hal_msp.o
                0x000000000800187c                HAL_UART_MspInit
 .text.NMI_Handler
                0x0000000008001984        0x6 ./Core/Src/stm32f4xx_it.o
                0x0000000008001984                NMI_Handler
 .text.HardFault_Handler
                0x000000000800198a        0x6 ./Core/Src/stm32f4xx_it.o
                0x000000000800198a                HardFault_Handler
 .text.MemManage_Handler
                0x0000000008001990        0x6 ./Core/Src/stm32f4xx_it.o
                0x0000000008001990                MemManage_Handler
 .text.BusFault_Handler
                0x0000000008001996        0x6 ./Core/Src/stm32f4xx_it.o
                0x0000000008001996                BusFault_Handler
 .text.UsageFault_Handler
                0x000000000800199c        0x6 ./Core/Src/stm32f4xx_it.o
                0x000000000800199c                UsageFault_Handler
 .text.SVC_Handler
                0x00000000080019a2        0xe ./Core/Src/stm32f4xx_it.o
                0x00000000080019a2                SVC_Handler
 .text.DebugMon_Handler
                0x00000000080019b0        0xe ./Core/Src/stm32f4xx_it.o
                0x00000000080019b0                DebugMon_Handler
 .text.PendSV_Handler
                0x00000000080019be        0xe ./Core/Src/stm32f4xx_it.o
                0x00000000080019be                PendSV_Handler
 .text.SysTick_Handler
                0x00000000080019cc        0xc ./Core/Src/stm32f4xx_it.o
                0x00000000080019cc                SysTick_Handler
 .text.USART2_IRQHandler
                0x00000000080019d8       0x14 ./Core/Src/stm32f4xx_it.o
                0x00000000080019d8                USART2_IRQHandler
 .text.EXTI15_10_IRQHandler
                0x00000000080019ec       0x16 ./Core/Src/stm32f4xx_it.o
                0x00000000080019ec                EXTI15_10_IRQHandler
 .text._getpid  0x0000000008001a02       0x10 ./Core/Src/syscalls.o
                0x0000000008001a02                _getpid
 .text._kill    0x0000000008001a12       0x20 ./Core/Src/syscalls.o
                0x0000000008001a12                _kill
 .text._exit    0x0000000008001a32       0x14 ./Core/Src/syscalls.o
                0x0000000008001a32                _exit
 .text._read    0x0000000008001a46       0x3a ./Core/Src/syscalls.o
                0x0000000008001a46                _read
 .text._write   0x0000000008001a80       0x38 ./Core/Src/syscalls.o
                0x0000000008001a80                _write
 .text._close   0x0000000008001ab8       0x18 ./Core/Src/syscalls.o
                0x0000000008001ab8                _close
 .text._fstat   0x0000000008001ad0       0x20 ./Core/Src/syscalls.o
                0x0000000008001ad0                _fstat
 .text._isatty  0x0000000008001af0       0x16 ./Core/Src/syscalls.o
                0x0000000008001af0                _isatty
 .text._lseek   0x0000000008001b06       0x1a ./Core/Src/syscalls.o
                0x0000000008001b06                _lseek
 .text._sbrk    0x0000000008001b20       0x6c ./Core/Src/sysmem.o
                0x0000000008001b20                _sbrk
 .text.SystemInit
                0x0000000008001b8c       0x24 ./Core/Src/system_stm32f4xx.o
                0x0000000008001b8c                SystemInit
 .text.Reset_Handler
                0x0000000008001bb0       0x50 ./Core/Startup/startup_stm32f401retx.o
                0x0000000008001bb0                Reset_Handler
 .text.Default_Handler
                0x0000000008001c00        0x2 ./Core/Startup/startup_stm32f401retx.o
                0x0000000008001c00                RTC_Alarm_IRQHandler
                0x0000000008001c00                EXTI2_IRQHandler
                0x0000000008001c00                SPI4_IRQHandler
                0x0000000008001c00                TIM1_CC_IRQHandler
                0x0000000008001c00                DMA2_Stream5_IRQHandler
                0x0000000008001c00                DMA1_Stream5_IRQHandler
                0x0000000008001c00                PVD_IRQHandler
                0x0000000008001c00                SDIO_IRQHandler
                0x0000000008001c00                TAMP_STAMP_IRQHandler
                0x0000000008001c00                EXTI3_IRQHandler
                0x0000000008001c00                TIM1_UP_TIM10_IRQHandler
                0x0000000008001c00                I2C3_ER_IRQHandler
                0x0000000008001c00                EXTI0_IRQHandler
                0x0000000008001c00                I2C2_EV_IRQHandler
                0x0000000008001c00                DMA1_Stream2_IRQHandler
                0x0000000008001c00                FPU_IRQHandler
                0x0000000008001c00                DMA2_Stream2_IRQHandler
                0x0000000008001c00                SPI1_IRQHandler
                0x0000000008001c00                TIM1_BRK_TIM9_IRQHandler
                0x0000000008001c00                DMA2_Stream3_IRQHandler
                0x0000000008001c00                USART6_IRQHandler
                0x0000000008001c00                DMA2_Stream0_IRQHandler
                0x0000000008001c00                TIM4_IRQHandler
                0x0000000008001c00                I2C1_EV_IRQHandler
                0x0000000008001c00                DMA1_Stream6_IRQHandler
                0x0000000008001c00                DMA1_Stream1_IRQHandler
                0x0000000008001c00                TIM3_IRQHandler
                0x0000000008001c00                RCC_IRQHandler
                0x0000000008001c00                Default_Handler
                0x0000000008001c00                ADC_IRQHandler
                0x0000000008001c00                DMA1_Stream7_IRQHandler
                0x0000000008001c00                TIM5_IRQHandler
                0x0000000008001c00                DMA2_Stream7_IRQHandler
                0x0000000008001c00                I2C3_EV_IRQHandler
                0x0000000008001c00                EXTI9_5_IRQHandler
                0x0000000008001c00                RTC_WKUP_IRQHandler
                0x0000000008001c00                SPI2_IRQHandler
                0x0000000008001c00                DMA1_Stream0_IRQHandler
                0x0000000008001c00                EXTI4_IRQHandler
                0x0000000008001c00                WWDG_IRQHandler
                0x0000000008001c00                TIM2_IRQHandler
                0x0000000008001c00                OTG_FS_WKUP_IRQHandler
                0x0000000008001c00                TIM1_TRG_COM_TIM11_IRQHandler
                0x0000000008001c00                EXTI1_IRQHandler
                0x0000000008001c00                I2C2_ER_IRQHandler
                0x0000000008001c00                DMA2_Stream1_IRQHandler
                0x0000000008001c00                FLASH_IRQHandler
                0x0000000008001c00                DMA2_Stream4_IRQHandler
                0x0000000008001c00                USART1_IRQHandler
                0x0000000008001c00                OTG_FS_IRQHandler
                0x0000000008001c00                SPI3_IRQHandler
                0x0000000008001c00                DMA1_Stream4_IRQHandler
                0x0000000008001c00                I2C1_ER_IRQHandler
                0x0000000008001c00                DMA2_Stream6_IRQHandler
                0x0000000008001c00                DMA1_Stream3_IRQHandler
 *fill*         0x0000000008001c02        0x2 
 .text.HAL_Init
                0x0000000008001c04       0x44 ./Drivers/STM32F4xx_HAL_Driver/Src/stm32f4xx_hal.o
                0x0000000008001c04                HAL_Init
 .text.HAL_InitTick
                0x0000000008001c48       0x60 ./Drivers/STM32F4xx_HAL_Driver/Src/stm32f4xx_hal.o
                0x0000000008001c48                HAL_InitTick
 .text.HAL_IncTick
                0x0000000008001ca8       0x28 ./Drivers/STM32F4xx_HAL_Driver/Src/stm32f4xx_hal.o
                0x0000000008001ca8                HAL_IncTick
 .text.HAL_GetTick
                0x0000000008001cd0       0x18 ./Drivers/STM32F4xx_HAL_Driver/Src/stm32f4xx_hal.o
                0x0000000008001cd0                HAL_GetTick
 .text.HAL_Delay
                0x0000000008001ce8       0x48 ./Drivers/STM32F4xx_HAL_Driver/Src/stm32f4xx_hal.o
                0x0000000008001ce8                HAL_Delay
 .text.__NVIC_SetPriorityGrouping
                0x0000000008001d30       0x48 ./Drivers/STM32F4xx_HAL_Driver/Src/stm32f4xx_hal_cortex.o
 .text.__NVIC_GetPriorityGrouping
                0x0000000008001d78       0x1c ./Drivers/STM32F4xx_HAL_Driver/Src/stm32f4xx_hal_cortex.o
 .text.__NVIC_EnableIRQ
                0x0000000008001d94       0x3c ./Drivers/STM32F4xx_HAL_Driver/Src/stm32f4xx_hal_cortex.o
 .text.__NVIC_SetPriority
                0x0000000008001dd0       0x54 ./Drivers/STM32F4xx_HAL_Driver/Src/stm32f4xx_hal_cortex.o
 .text.NVIC_EncodePriority
                0x0000000008001e24       0x66 ./Drivers/STM32F4xx_HAL_Driver/Src/stm32f4xx_hal_cortex.o
 *fill*         0x0000000008001e8a        0x2 
 .text.SysTick_Config
                0x0000000008001e8c       0x44 ./Drivers/STM32F4xx_HAL_Driver/Src/stm32f4xx_hal_cortex.o
 .text.HAL_NVIC_SetPriorityGrouping
                0x0000000008001ed0       0x16 ./Drivers/STM32F4xx_HAL_Driver/Src/stm32f4xx_hal_cortex.o
                0x0000000008001ed0                HAL_NVIC_SetPriorityGrouping
 .text.HAL_NVIC_SetPriority
                0x0000000008001ee6       0x38 ./Drivers/STM32F4xx_HAL_Driver/Src/stm32f4xx_hal_cortex.o
                0x0000000008001ee6                HAL_NVIC_SetPriority
 .text.HAL_NVIC_EnableIRQ
                0x0000000008001f1e       0x1c ./Drivers/STM32F4xx_HAL_Driver/Src/stm32f4xx_hal_cortex.o
                0x0000000008001f1e                HAL_NVIC_EnableIRQ
 .text.HAL_SYSTICK_Config
                0x0000000008001f3a       0x18 ./Drivers/STM32F4xx_HAL_Driver/Src/stm32f4xx_hal_cortex.o
                0x0000000008001f3a                HAL_SYSTICK_Config
 .text.HAL_CRC_Init
                0x0000000008001f52       0x38 ./Drivers/STM32F4xx_HAL_Driver/Src/stm32f4xx_hal_crc.o
                0x0000000008001f52                HAL_CRC_Init
 .text.HAL_DMA_Abort
                0x0000000008001f8a       0xe0 ./Drivers/STM32F4xx_HAL_Driver/Src/stm32f4xx_hal_dma.o
                0x0000000008001f8a                HAL_DMA_Abort
 .text.HAL_DMA_Abort_IT
                0x000000000800206a       0x44 ./Drivers/STM32F4xx_HAL_Driver/Src/stm32f4xx_hal_dma.o
                0x000000000800206a                HAL_DMA_Abort_IT
 *fill*         0x00000000080020ae        0x2 
 .text.HAL_GPIO_Init
                0x00000000080020b0      0x308 ./Drivers/STM32F4xx_HAL_Driver/Src/stm32f4xx_hal_gpio.o
                0x00000000080020b0                HAL_GPIO_Init
 .text.HAL_GPIO_WritePin
                0x00000000080023b8       0x32 ./Drivers/STM32F4xx_HAL_Driver/Src/stm32f4xx_hal_gpio.o
                0x00000000080023b8                HAL_GPIO_WritePin
 .text.HAL_GPIO_TogglePin
                0x00000000080023ea       0x34 ./Drivers/STM32F4xx_HAL_Driver/Src/stm32f4xx_hal_gpio.o
                0x00000000080023ea                HAL_GPIO_TogglePin
 *fill*         0x000000000800241e        0x2 
 .text.HAL_GPIO_EXTI_IRQHandler
                0x0000000008002420       0x30 ./Drivers/STM32F4xx_HAL_Driver/Src/stm32f4xx_hal_gpio.o
                0x0000000008002420                HAL_GPIO_EXTI_IRQHandler
 .text.HAL_RCC_OscConfig
                0x0000000008002450      0x4f0 ./Drivers/STM32F4xx_HAL_Driver/Src/stm32f4xx_hal_rcc.o
                0x0000000008002450                HAL_RCC_OscConfig
 .text.HAL_RCC_ClockConfig
                0x0000000008002940      0x1cc ./Drivers/STM32F4xx_HAL_Driver/Src/stm32f4xx_hal_rcc.o
                0x0000000008002940                HAL_RCC_ClockConfig
 .text.HAL_RCC_GetSysClockFreq
                0x0000000008002b0c      0x1c4 ./Drivers/STM32F4xx_HAL_Driver/Src/stm32f4xx_hal_rcc.o
                0x0000000008002b0c                HAL_RCC_GetSysClockFreq
 .text.HAL_RCC_GetHCLKFreq
                0x0000000008002cd0       0x18 ./Drivers/STM32F4xx_HAL_Driver/Src/stm32f4xx_hal_rcc.o
                0x0000000008002cd0                HAL_RCC_GetHCLKFreq
 .text.HAL_RCC_GetPCLK1Freq
                0x0000000008002ce8       0x28 ./Drivers/STM32F4xx_HAL_Driver/Src/stm32f4xx_hal_rcc.o
                0x0000000008002ce8                HAL_RCC_GetPCLK1Freq
 .text.HAL_RCC_GetPCLK2Freq
                0x0000000008002d10       0x28 ./Drivers/STM32F4xx_HAL_Driver/Src/stm32f4xx_hal_rcc.o
                0x0000000008002d10                HAL_RCC_GetPCLK2Freq
 .text.HAL_UART_Init
                0x0000000008002d38       0x9a ./Drivers/STM32F4xx_HAL_Driver/Src/stm32f4xx_hal_uart.o
                0x0000000008002d38                HAL_UART_Init
 .text.HAL_UART_Transmit
                0x0000000008002dd2      0x124 ./Drivers/STM32F4xx_HAL_Driver/Src/stm32f4xx_hal_uart.o
                0x0000000008002dd2                HAL_UART_Transmit
 .text.HAL_UART_Receive
                0x0000000008002ef6      0x144 ./Drivers/STM32F4xx_HAL_Driver/Src/stm32f4xx_hal_uart.o
                0x0000000008002ef6                HAL_UART_Receive
 .text.HAL_UART_Receive_IT
                0x000000000800303a       0x60 ./Drivers/STM32F4xx_HAL_Driver/Src/stm32f4xx_hal_uart.o
                0x000000000800303a                HAL_UART_Receive_IT
 *fill*         0x000000000800309a        0x2 
 .text.HAL_UART_IRQHandler
                0x000000000800309c      0x51c ./Drivers/STM32F4xx_HAL_Driver/Src/stm32f4xx_hal_uart.o
                0x000000000800309c                HAL_UART_IRQHandler
 .text.HAL_UART_TxCpltCallback
                0x00000000080035b8       0x14 ./Drivers/STM32F4xx_HAL_Driver/Src/stm32f4xx_hal_uart.o
                0x00000000080035b8                HAL_UART_TxCpltCallback
 .text.HAL_UART_ErrorCallback
                0x00000000080035cc       0x14 ./Drivers/STM32F4xx_HAL_Driver/Src/stm32f4xx_hal_uart.o
                0x00000000080035cc                HAL_UART_ErrorCallback
 .text.HAL_UARTEx_RxEventCallback
                0x00000000080035e0       0x18 ./Drivers/STM32F4xx_HAL_Driver/Src/stm32f4xx_hal_uart.o
                0x00000000080035e0                HAL_UARTEx_RxEventCallback
 .text.UART_WaitOnFlagUntilTimeout
                0x00000000080035f8       0xdc ./Drivers/STM32F4xx_HAL_Driver/Src/stm32f4xx_hal_uart.o
 .text.UART_Start_Receive_IT
                0x00000000080036d4       0x74 ./Drivers/STM32F4xx_HAL_Driver/Src/stm32f4xx_hal_uart.o
                0x00000000080036d4                UART_Start_Receive_IT
 .text.UART_EndRxTransfer
                0x0000000008003748       0xc6 ./Drivers/STM32F4xx_HAL_Driver/Src/stm32f4xx_hal_uart.o
 .text.UART_DMAAbortOnError
                0x000000000800380e       0x28 ./Drivers/STM32F4xx_HAL_Driver/Src/stm32f4xx_hal_uart.o
 .text.UART_Transmit_IT
                0x0000000008003836       0xa0 ./Drivers/STM32F4xx_HAL_Driver/Src/stm32f4xx_hal_uart.o
 .text.UART_EndTransmit_IT
                0x00000000080038d6       0x30 ./Drivers/STM32F4xx_HAL_Driver/Src/stm32f4xx_hal_uart.o
 .text.UART_Receive_IT
                0x0000000008003906      0x176 ./Drivers/STM32F4xx_HAL_Driver/Src/stm32f4xx_hal_uart.o
 .text.UART_SetConfig
                0x0000000008003a7c      0x390 ./Drivers/STM32F4xx_HAL_Driver/Src/stm32f4xx_hal_uart.o
 .text.LinkedList_create
                0x0000000008003e0c       0x24 ./src/common/linked_list.o
                0x0000000008003e0c                LinkedList_create
 .text.LinkedList_getNext
                0x0000000008003e30       0x18 ./src/common/linked_list.o
                0x0000000008003e30                LinkedList_getNext
 .text.LinkedList_getData
                0x0000000008003e48       0x18 ./src/common/linked_list.o
                0x0000000008003e48                LinkedList_getData
 .text.noMemoryAvailableHandler
                0x0000000008003e60       0x24 ./src/hal/memory/lib_memory.o
 .text.Memory_malloc
                0x0000000008003e84       0x26 ./src/hal/memory/lib_memory.o
                0x0000000008003e84                Memory_malloc
 .text.Memory_free
                0x0000000008003eaa       0x16 ./src/hal/memory/lib_memory.o
                0x0000000008003eaa                Memory_free
 .text.CP16Time2a_getFromBuffer
                0x0000000008003ec0       0x54 ./src/iec60870/apl/cpXXtime2a.o
                0x0000000008003ec0                CP16Time2a_getFromBuffer
 .text.CP24Time2a_getFromBuffer
                0x0000000008003f14       0x54 ./src/iec60870/apl/cpXXtime2a.o
                0x0000000008003f14                CP24Time2a_getFromBuffer
 .text.CP56Time2a_getFromBuffer
                0x0000000008003f68       0x54 ./src/iec60870/apl/cpXXtime2a.o
                0x0000000008003f68                CP56Time2a_getFromBuffer
 .text.asduFrame_destroy
                0x0000000008003fbc       0x14 ./src/iec60870/cs101/cs101_asdu.o
 .text.asduFrame_setNextByte
                0x0000000008003fd0       0x34 ./src/iec60870/cs101/cs101_asdu.o
 .text.asduFrame_appendBytes
                0x0000000008004004       0x60 ./src/iec60870/cs101/cs101_asdu.o
 .text.asduFrame_getSpaceLeft
                0x0000000008004064       0x30 ./src/iec60870/cs101/cs101_asdu.o
 .text.CS101_ASDU_initializeStatic
                0x0000000008004094      0x104 ./src/iec60870/cs101/cs101_asdu.o
                0x0000000008004094                CS101_ASDU_initializeStatic
 .text.CS101_ASDU_destroy
                0x0000000008004198       0x16 ./src/iec60870/cs101/cs101_asdu.o
                0x0000000008004198                CS101_ASDU_destroy
 .text.CS101_ASDU_encode
                0x00000000080041ae       0x28 ./src/iec60870/cs101/cs101_asdu.o
                0x00000000080041ae                CS101_ASDU_encode
 .text.CS101_ASDU_createFromBuffer
                0x00000000080041d6       0x64 ./src/iec60870/cs101/cs101_asdu.o
                0x00000000080041d6                CS101_ASDU_createFromBuffer
 .text.getFirstIOA
                0x000000000800423a       0x64 ./src/iec60870/cs101/cs101_asdu.o
 *fill*         0x000000000800429e        0x2 
 .text.CS101_ASDU_addInformationObject
                0x00000000080042a0       0xdc ./src/iec60870/cs101/cs101_asdu.o
                0x00000000080042a0                CS101_ASDU_addInformationObject
 .text.CS101_ASDU_getTypeID
                0x000000000800437c       0x1a ./src/iec60870/cs101/cs101_asdu.o
                0x000000000800437c                CS101_ASDU_getTypeID
 .text.CS101_ASDU_isSequence
                0x0000000008004396       0x28 ./src/iec60870/cs101/cs101_asdu.o
                0x0000000008004396                CS101_ASDU_isSequence
 .text.CS101_ASDU_getNumberOfElements
                0x00000000080043be       0x20 ./src/iec60870/cs101/cs101_asdu.o
                0x00000000080043be                CS101_ASDU_getNumberOfElements
 .text.CS101_ASDU_getElement
                0x00000000080043de       0x1e ./src/iec60870/cs101/cs101_asdu.o
                0x00000000080043de                CS101_ASDU_getElement
 .text.CS101_ASDU_getElementEx
                0x00000000080043fc     0x1a14 ./src/iec60870/cs101/cs101_asdu.o
                0x00000000080043fc                CS101_ASDU_getElementEx
 .text.TypeID_toString
                0x0000000008005e10      0x444 ./src/iec60870/cs101/cs101_asdu.o
                0x0000000008005e10                TypeID_toString
 .text.InformationObject_encode
                0x0000000008006254       0x28 ./src/iec60870/cs101/cs101_information_objects.o
                0x0000000008006254                InformationObject_encode
 .text.InformationObject_destroy
                0x000000000800627c       0x1a ./src/iec60870/cs101/cs101_information_objects.o
                0x000000000800627c                InformationObject_destroy
 .text.InformationObject_getObjectAddress
                0x0000000008006296       0x18 ./src/iec60870/cs101/cs101_information_objects.o
                0x0000000008006296                InformationObject_getObjectAddress
 .text.InformationObject_setObjectAddress
                0x00000000080062ae       0x1c ./src/iec60870/cs101/cs101_information_objects.o
                0x00000000080062ae                InformationObject_setObjectAddress
 .text.InformationObject_getType
                0x00000000080062ca       0x18 ./src/iec60870/cs101/cs101_information_objects.o
                0x00000000080062ca                InformationObject_getType
 .text.InformationObject_encodeBase
                0x00000000080062e2       0x70 ./src/iec60870/cs101/cs101_information_objects.o
 .text.InformationObject_ParseObjectAddress
                0x0000000008006352       0x58 ./src/iec60870/cs101/cs101_information_objects.o
                0x0000000008006352                InformationObject_ParseObjectAddress
 .text.InformationObject_getFromBuffer
                0x00000000080063aa       0x26 ./src/iec60870/cs101/cs101_information_objects.o
 .text.SinglePointInformation_encode
                0x00000000080063d0       0x6a ./src/iec60870/cs101/cs101_information_objects.o
 *fill*         0x000000000800643a        0x2 
 .text.SinglePointInformation_initialize
                0x000000000800643c       0x24 ./src/iec60870/cs101/cs101_information_objects.o
 .text.SinglePointInformation_destroy
                0x0000000008006460       0x16 ./src/iec60870/cs101/cs101_information_objects.o
                0x0000000008006460                SinglePointInformation_destroy
 .text.SinglePointInformation_getFromBuffer
                0x0000000008006476       0xaa ./src/iec60870/cs101/cs101_information_objects.o
                0x0000000008006476                SinglePointInformation_getFromBuffer
 .text.SinglePointInformation_getValue
                0x0000000008006520       0x18 ./src/iec60870/cs101/cs101_information_objects.o
                0x0000000008006520                SinglePointInformation_getValue
 .text.StepPositionInformation_encode
                0x0000000008006538       0x60 ./src/iec60870/cs101/cs101_information_objects.o
 .text.StepPositionInformation_initialize
                0x0000000008006598       0x24 ./src/iec60870/cs101/cs101_information_objects.o
 .text.StepPositionInformation_destroy
                0x00000000080065bc       0x16 ./src/iec60870/cs101/cs101_information_objects.o
                0x00000000080065bc                StepPositionInformation_destroy
 .text.StepPositionInformation_getFromBuffer
                0x00000000080065d2       0x9e ./src/iec60870/cs101/cs101_information_objects.o
                0x00000000080065d2                StepPositionInformation_getFromBuffer
 .text.StepPositionWithCP56Time2a_encode
                0x0000000008006670       0x6e ./src/iec60870/cs101/cs101_information_objects.o
 *fill*         0x00000000080066de        0x2 
 .text.StepPositionWithCP56Time2a_initialize
                0x00000000080066e0       0x24 ./src/iec60870/cs101/cs101_information_objects.o
 .text.StepPositionWithCP56Time2a_destroy
                0x0000000008006704       0x16 ./src/iec60870/cs101/cs101_information_objects.o
                0x0000000008006704                StepPositionWithCP56Time2a_destroy
 .text.StepPositionWithCP56Time2a_getFromBuffer
                0x000000000800671a       0xb4 ./src/iec60870/cs101/cs101_information_objects.o
                0x000000000800671a                StepPositionWithCP56Time2a_getFromBuffer
 .text.StepPositionWithCP24Time2a_encode
                0x00000000080067ce       0x6e ./src/iec60870/cs101/cs101_information_objects.o
 .text.StepPositionWithCP24Time2a_initialize
                0x000000000800683c       0x24 ./src/iec60870/cs101/cs101_information_objects.o
 .text.StepPositionWithCP24Time2a_destroy
                0x0000000008006860       0x16 ./src/iec60870/cs101/cs101_information_objects.o
                0x0000000008006860                StepPositionWithCP24Time2a_destroy
 .text.StepPositionWithCP24Time2a_getFromBuffer
                0x0000000008006876       0xb4 ./src/iec60870/cs101/cs101_information_objects.o
                0x0000000008006876                StepPositionWithCP24Time2a_getFromBuffer
 .text.DoublePointInformation_encode
                0x000000000800692a       0x66 ./src/iec60870/cs101/cs101_information_objects.o
 .text.DoublePointInformation_destroy
                0x0000000008006990       0x16 ./src/iec60870/cs101/cs101_information_objects.o
                0x0000000008006990                DoublePointInformation_destroy
 *fill*         0x00000000080069a6        0x2 
 .text.DoublePointInformation_initialize
                0x00000000080069a8       0x24 ./src/iec60870/cs101/cs101_information_objects.o
 .text.DoublePointInformation_getFromBuffer
                0x00000000080069cc       0xa8 ./src/iec60870/cs101/cs101_information_objects.o
                0x00000000080069cc                DoublePointInformation_getFromBuffer
 .text.DoublePointWithCP24Time2a_encode
                0x0000000008006a74       0x74 ./src/iec60870/cs101/cs101_information_objects.o
 .text.DoublePointWithCP24Time2a_destroy
                0x0000000008006ae8       0x16 ./src/iec60870/cs101/cs101_information_objects.o
                0x0000000008006ae8                DoublePointWithCP24Time2a_destroy
 *fill*         0x0000000008006afe        0x2 
 .text.DoublePointWithCP24Time2a_initialize
                0x0000000008006b00       0x24 ./src/iec60870/cs101/cs101_information_objects.o
 .text.DoublePointWithCP24Time2a_getFromBuffer
                0x0000000008006b24       0xb8 ./src/iec60870/cs101/cs101_information_objects.o
                0x0000000008006b24                DoublePointWithCP24Time2a_getFromBuffer
 .text.DoublePointWithCP56Time2a_encode
                0x0000000008006bdc       0x74 ./src/iec60870/cs101/cs101_information_objects.o
 .text.DoublePointWithCP56Time2a_destroy
                0x0000000008006c50       0x16 ./src/iec60870/cs101/cs101_information_objects.o
                0x0000000008006c50                DoublePointWithCP56Time2a_destroy
 *fill*         0x0000000008006c66        0x2 
 .text.DoublePointWithCP56Time2a_initialize
                0x0000000008006c68       0x24 ./src/iec60870/cs101/cs101_information_objects.o
 .text.DoublePointWithCP56Time2a_getFromBuffer
                0x0000000008006c8c       0xb8 ./src/iec60870/cs101/cs101_information_objects.o
                0x0000000008006c8c                DoublePointWithCP56Time2a_getFromBuffer
 .text.SinglePointWithCP24Time2a_encode
                0x0000000008006d44       0x78 ./src/iec60870/cs101/cs101_information_objects.o
 .text.SinglePointWithCP24Time2a_destroy
                0x0000000008006dbc       0x16 ./src/iec60870/cs101/cs101_information_objects.o
                0x0000000008006dbc                SinglePointWithCP24Time2a_destroy
 *fill*         0x0000000008006dd2        0x2 
 .text.SinglePointWithCP24Time2a_initialize
                0x0000000008006dd4       0x24 ./src/iec60870/cs101/cs101_information_objects.o
 .text.SinglePointWithCP24Time2a_getFromBuffer
                0x0000000008006df8       0xc0 ./src/iec60870/cs101/cs101_information_objects.o
                0x0000000008006df8                SinglePointWithCP24Time2a_getFromBuffer
 .text.SinglePointWithCP56Time2a_encode
                0x0000000008006eb8       0x78 ./src/iec60870/cs101/cs101_information_objects.o
 .text.SinglePointWithCP56Time2a_initialize
                0x0000000008006f30       0x24 ./src/iec60870/cs101/cs101_information_objects.o
 .text.SinglePointWithCP56Time2a_destroy
                0x0000000008006f54       0x16 ./src/iec60870/cs101/cs101_information_objects.o
                0x0000000008006f54                SinglePointWithCP56Time2a_destroy
 .text.SinglePointWithCP56Time2a_getFromBuffer
                0x0000000008006f6a       0xc0 ./src/iec60870/cs101/cs101_information_objects.o
                0x0000000008006f6a                SinglePointWithCP56Time2a_getFromBuffer
 .text.BitString32_encode
                0x000000000800702a       0x90 ./src/iec60870/cs101/cs101_information_objects.o
 *fill*         0x00000000080070ba        0x2 
 .text.BitString32_initialize
                0x00000000080070bc       0x24 ./src/iec60870/cs101/cs101_information_objects.o
 .text.BitString32_destroy
                0x00000000080070e0       0x16 ./src/iec60870/cs101/cs101_information_objects.o
                0x00000000080070e0                BitString32_destroy
 .text.BitString32_getFromBuffer
                0x00000000080070f6       0xea ./src/iec60870/cs101/cs101_information_objects.o
                0x00000000080070f6                BitString32_getFromBuffer
 .text.Bitstring32WithCP24Time2a_encode
                0x00000000080071e0       0x9e ./src/iec60870/cs101/cs101_information_objects.o
 *fill*         0x000000000800727e        0x2 
 .text.Bitstring32WithCP24Time2a_initialize
                0x0000000008007280       0x24 ./src/iec60870/cs101/cs101_information_objects.o
 .text.Bitstring32WithCP24Time2a_destroy
                0x00000000080072a4       0x16 ./src/iec60870/cs101/cs101_information_objects.o
                0x00000000080072a4                Bitstring32WithCP24Time2a_destroy
 .text.Bitstring32WithCP24Time2a_getFromBuffer
                0x00000000080072ba       0xfa ./src/iec60870/cs101/cs101_information_objects.o
                0x00000000080072ba                Bitstring32WithCP24Time2a_getFromBuffer
 .text.Bitstring32WithCP56Time2a_encode
                0x00000000080073b4       0x9e ./src/iec60870/cs101/cs101_information_objects.o
 *fill*         0x0000000008007452        0x2 
 .text.Bitstring32WithCP56Time2a_initialize
                0x0000000008007454       0x24 ./src/iec60870/cs101/cs101_information_objects.o
 .text.Bitstring32WithCP56Time2a_destroy
                0x0000000008007478       0x16 ./src/iec60870/cs101/cs101_information_objects.o
                0x0000000008007478                Bitstring32WithCP56Time2a_destroy
 .text.Bitstring32WithCP56Time2a_getFromBuffer
                0x000000000800748e       0xfa ./src/iec60870/cs101/cs101_information_objects.o
                0x000000000800748e                Bitstring32WithCP56Time2a_getFromBuffer
 .text.getScaledValue
                0x0000000008007588       0x3a ./src/iec60870/cs101/cs101_information_objects.o
 .text.MeasuredValueNormalized_encode
                0x00000000080075c2       0x6c ./src/iec60870/cs101/cs101_information_objects.o
 *fill*         0x000000000800762e        0x2 
 .text.MeasuredValueNormalized_initialize
                0x0000000008007630       0x24 ./src/iec60870/cs101/cs101_information_objects.o
 .text.MeasuredValueNormalized_destroy
                0x0000000008007654       0x16 ./src/iec60870/cs101/cs101_information_objects.o
                0x0000000008007654                MeasuredValueNormalized_destroy
 .text.MeasuredValueNormalized_getFromBuffer
                0x000000000800766a       0xb6 ./src/iec60870/cs101/cs101_information_objects.o
                0x000000000800766a                MeasuredValueNormalized_getFromBuffer
 .text.ParameterNormalizedValue_getFromBuffer
                0x0000000008007720       0x3a ./src/iec60870/cs101/cs101_information_objects.o
                0x0000000008007720                ParameterNormalizedValue_getFromBuffer
 .text.MeasuredValueNormalizedWithoutQuality_encode
                0x000000000800775a       0x60 ./src/iec60870/cs101/cs101_information_objects.o
 *fill*         0x00000000080077ba        0x2 
 .text.MeasuredValueNormalizedWithoutQuality_initialize
                0x00000000080077bc       0x24 ./src/iec60870/cs101/cs101_information_objects.o
 .text.MeasuredValueNormalizedWithoutQuality_destroy
                0x00000000080077e0       0x16 ./src/iec60870/cs101/cs101_information_objects.o
                0x00000000080077e0                MeasuredValueNormalizedWithoutQuality_destroy
 .text.MeasuredValueNormalizedWithoutQuality_getFromBuffer
                0x00000000080077f6       0xa4 ./src/iec60870/cs101/cs101_information_objects.o
                0x00000000080077f6                MeasuredValueNormalizedWithoutQuality_getFromBuffer
 .text.MeasuredValueNormalizedWithCP24Time2a_encode
                0x000000000800789a       0x56 ./src/iec60870/cs101/cs101_information_objects.o
 .text.MeasuredValueNormalizedWithCP24Time2a_initialize
                0x00000000080078f0       0x24 ./src/iec60870/cs101/cs101_information_objects.o
 .text.MeasuredValueNormalizedWithCP24Time2a_destroy
                0x0000000008007914       0x16 ./src/iec60870/cs101/cs101_information_objects.o
                0x0000000008007914                MeasuredValueNormalizedWithCP24Time2a_destroy
 .text.MeasuredValueNormalizedWithCP24Time2a_getFromBuffer
                0x000000000800792a       0xc6 ./src/iec60870/cs101/cs101_information_objects.o
                0x000000000800792a                MeasuredValueNormalizedWithCP24Time2a_getFromBuffer
 .text.MeasuredValueNormalizedWithCP56Time2a_encode
                0x00000000080079f0       0x56 ./src/iec60870/cs101/cs101_information_objects.o
 *fill*         0x0000000008007a46        0x2 
 .text.MeasuredValueNormalizedWithCP56Time2a_initialize
                0x0000000008007a48       0x24 ./src/iec60870/cs101/cs101_information_objects.o
 .text.MeasuredValueNormalizedWithCP56Time2a_destroy
                0x0000000008007a6c       0x16 ./src/iec60870/cs101/cs101_information_objects.o
                0x0000000008007a6c                MeasuredValueNormalizedWithCP56Time2a_destroy
 .text.MeasuredValueNormalizedWithCP56Time2a_getFromBuffer
                0x0000000008007a82       0xc6 ./src/iec60870/cs101/cs101_information_objects.o
                0x0000000008007a82                MeasuredValueNormalizedWithCP56Time2a_getFromBuffer
 .text.MeasuredValueScaled_encode
                0x0000000008007b48       0x24 ./src/iec60870/cs101/cs101_information_objects.o
 .text.MeasuredValueScaled_initialize
                0x0000000008007b6c       0x24 ./src/iec60870/cs101/cs101_information_objects.o
 .text.MeasuredValueScaled_destroy
                0x0000000008007b90       0x16 ./src/iec60870/cs101/cs101_information_objects.o
                0x0000000008007b90                MeasuredValueScaled_destroy
 .text.MeasuredValueScaled_getValue
                0x0000000008007ba6       0x1c ./src/iec60870/cs101/cs101_information_objects.o
                0x0000000008007ba6                MeasuredValueScaled_getValue
 .text.MeasuredValueScaled_getFromBuffer
                0x0000000008007bc2       0xb6 ./src/iec60870/cs101/cs101_information_objects.o
                0x0000000008007bc2                MeasuredValueScaled_getFromBuffer
 .text.ParameterScaledValue_getFromBuffer
                0x0000000008007c78       0x3a ./src/iec60870/cs101/cs101_information_objects.o
                0x0000000008007c78                ParameterScaledValue_getFromBuffer
 .text.MeasuredValueScaledWithCP24Time2a_encode
                0x0000000008007cb2       0x56 ./src/iec60870/cs101/cs101_information_objects.o
 .text.MeasuredValueScaledWithCP24Time2a_initialize
                0x0000000008007d08       0x24 ./src/iec60870/cs101/cs101_information_objects.o
 .text.MeasuredValueScaledWithCP24Time2a_getFromBuffer
                0x0000000008007d2c       0xc6 ./src/iec60870/cs101/cs101_information_objects.o
                0x0000000008007d2c                MeasuredValueScaledWithCP24Time2a_getFromBuffer
 .text.MeasuredValueScaledWithCP56Time2a_encode
                0x0000000008007df2       0x56 ./src/iec60870/cs101/cs101_information_objects.o
 .text.MeasuredValueScaledWithCP56Time2a_initialize
                0x0000000008007e48       0x24 ./src/iec60870/cs101/cs101_information_objects.o
 .text.MeasuredValueScaledWithCP56Time2a_destroy
                0x0000000008007e6c       0x16 ./src/iec60870/cs101/cs101_information_objects.o
                0x0000000008007e6c                MeasuredValueScaledWithCP56Time2a_destroy
 .text.MeasuredValueScaledWithCP56Time2a_getFromBuffer
                0x0000000008007e82       0xc6 ./src/iec60870/cs101/cs101_information_objects.o
                0x0000000008007e82                MeasuredValueScaledWithCP56Time2a_getFromBuffer
 .text.MeasuredValueShort_encode
                0x0000000008007f48       0x64 ./src/iec60870/cs101/cs101_information_objects.o
 .text.MeasuredValueShort_initialize
                0x0000000008007fac       0x24 ./src/iec60870/cs101/cs101_information_objects.o
 .text.MeasuredValueShort_destroy
                0x0000000008007fd0       0x16 ./src/iec60870/cs101/cs101_information_objects.o
                0x0000000008007fd0                MeasuredValueShort_destroy
 .text.MeasuredValueShort_getValue
                0x0000000008007fe6       0x1e ./src/iec60870/cs101/cs101_information_objects.o
                0x0000000008007fe6                MeasuredValueShort_getValue
 .text.MeasuredValueShort_getFromBuffer
                0x0000000008008004       0xe6 ./src/iec60870/cs101/cs101_information_objects.o
                0x0000000008008004                MeasuredValueShort_getFromBuffer
 .text.ParameterFloatValue_getFromBuffer
                0x00000000080080ea       0x3a ./src/iec60870/cs101/cs101_information_objects.o
                0x00000000080080ea                ParameterFloatValue_getFromBuffer
 .text.MeasuredValueShortWithCP24Time2a_encode
                0x0000000008008124       0x56 ./src/iec60870/cs101/cs101_information_objects.o
 *fill*         0x000000000800817a        0x2 
 .text.MeasuredValueShortWithCP24Time2a_initialize
                0x000000000800817c       0x24 ./src/iec60870/cs101/cs101_information_objects.o
 .text.MeasuredValueShortWithCP24Time2a_destroy
                0x00000000080081a0       0x16 ./src/iec60870/cs101/cs101_information_objects.o
                0x00000000080081a0                MeasuredValueShortWithCP24Time2a_destroy
 .text.MeasuredValueShortWithCP24Time2a_getFromBuffer
                0x00000000080081b6       0xf6 ./src/iec60870/cs101/cs101_information_objects.o
                0x00000000080081b6                MeasuredValueShortWithCP24Time2a_getFromBuffer
 .text.MeasuredValueShortWithCP56Time2a_encode
                0x00000000080082ac       0x56 ./src/iec60870/cs101/cs101_information_objects.o
 *fill*         0x0000000008008302        0x2 
 .text.MeasuredValueShortWithCP56Time2a_initialize
                0x0000000008008304       0x24 ./src/iec60870/cs101/cs101_information_objects.o
 .text.MeasuredValueShortWithCP56Time2a_destroy
                0x0000000008008328       0x16 ./src/iec60870/cs101/cs101_information_objects.o
                0x0000000008008328                MeasuredValueShortWithCP56Time2a_destroy
 .text.MeasuredValueShortWithCP56Time2a_getFromBuffer
                0x000000000800833e       0xf6 ./src/iec60870/cs101/cs101_information_objects.o
                0x000000000800833e                MeasuredValueShortWithCP56Time2a_getFromBuffer
 .text.IntegratedTotals_encode
                0x0000000008008434       0x56 ./src/iec60870/cs101/cs101_information_objects.o
 *fill*         0x000000000800848a        0x2 
 .text.IntegratedTotals_initialize
                0x000000000800848c       0x24 ./src/iec60870/cs101/cs101_information_objects.o
 .text.IntegratedTotals_destroy
                0x00000000080084b0       0x16 ./src/iec60870/cs101/cs101_information_objects.o
                0x00000000080084b0                IntegratedTotals_destroy
 .text.IntegratedTotals_getFromBuffer
                0x00000000080084c6       0xb0 ./src/iec60870/cs101/cs101_information_objects.o
                0x00000000080084c6                IntegratedTotals_getFromBuffer
 .text.IntegratedTotalsWithCP24Time2a_encode
                0x0000000008008576       0x56 ./src/iec60870/cs101/cs101_information_objects.o
 .text.IntegratedTotalsWithCP24Time2a_initialize
                0x00000000080085cc       0x24 ./src/iec60870/cs101/cs101_information_objects.o
 .text.IntegratedTotalsWithCP24Time2a_destroy
                0x00000000080085f0       0x16 ./src/iec60870/cs101/cs101_information_objects.o
                0x00000000080085f0                IntegratedTotalsWithCP24Time2a_destroy
 .text.IntegratedTotalsWithCP24Time2a_getFromBuffer
                0x0000000008008606       0xc0 ./src/iec60870/cs101/cs101_information_objects.o
                0x0000000008008606                IntegratedTotalsWithCP24Time2a_getFromBuffer
 .text.IntegratedTotalsWithCP56Time2a_encode
                0x00000000080086c6       0x56 ./src/iec60870/cs101/cs101_information_objects.o
 .text.IntegratedTotalsWithCP56Time2a_initialize
                0x000000000800871c       0x24 ./src/iec60870/cs101/cs101_information_objects.o
 .text.IntegratedTotalsWithCP56Time2a_destroy
                0x0000000008008740       0x16 ./src/iec60870/cs101/cs101_information_objects.o
                0x0000000008008740                IntegratedTotalsWithCP56Time2a_destroy
 .text.IntegratedTotalsWithCP56Time2a_getFromBuffer
                0x0000000008008756       0xc0 ./src/iec60870/cs101/cs101_information_objects.o
                0x0000000008008756                IntegratedTotalsWithCP56Time2a_getFromBuffer
 .text.EventOfProtectionEquipment_encode
                0x0000000008008816       0x70 ./src/iec60870/cs101/cs101_information_objects.o
 *fill*         0x0000000008008886        0x2 
 .text.EventOfProtectionEquipment_initialize
                0x0000000008008888       0x24 ./src/iec60870/cs101/cs101_information_objects.o
 .text.EventOfProtectionEquipment_destroy
                0x00000000080088ac       0x16 ./src/iec60870/cs101/cs101_information_objects.o
                0x00000000080088ac                EventOfProtectionEquipment_destroy
 .text.EventOfProtectionEquipment_getFromBuffer
                0x00000000080088c2       0xb8 ./src/iec60870/cs101/cs101_information_objects.o
                0x00000000080088c2                EventOfProtectionEquipment_getFromBuffer
 .text.EventOfProtectionEquipmentWithCP56Time2a_encode
                0x000000000800897a       0x70 ./src/iec60870/cs101/cs101_information_objects.o
 *fill*         0x00000000080089ea        0x2 
 .text.EventOfProtectionEquipmentWithCP56Time2a_initialize
                0x00000000080089ec       0x24 ./src/iec60870/cs101/cs101_information_objects.o
 .text.EventOfProtectionEquipmentWithCP56Time2a_destroy
                0x0000000008008a10       0x16 ./src/iec60870/cs101/cs101_information_objects.o
                0x0000000008008a10                EventOfProtectionEquipmentWithCP56Time2a_destroy
 .text.EventOfProtectionEquipmentWithCP56Time2a_getFromBuffer
                0x0000000008008a26       0xb8 ./src/iec60870/cs101/cs101_information_objects.o
                0x0000000008008a26                EventOfProtectionEquipmentWithCP56Time2a_getFromBuffer
 .text.PackedStartEventsOfProtectionEquipment_encode
                0x0000000008008ade       0x7c ./src/iec60870/cs101/cs101_information_objects.o
 *fill*         0x0000000008008b5a        0x2 
 .text.PackedStartEventsOfProtectionEquipment_initialize
                0x0000000008008b5c       0x24 ./src/iec60870/cs101/cs101_information_objects.o
 .text.PackedStartEventsOfProtectionEquipment_destroy
                0x0000000008008b80       0x16 ./src/iec60870/cs101/cs101_information_objects.o
                0x0000000008008b80                PackedStartEventsOfProtectionEquipment_destroy
 .text.PackedStartEventsOfProtectionEquipment_getFromBuffer
                0x0000000008008b96       0xca ./src/iec60870/cs101/cs101_information_objects.o
                0x0000000008008b96                PackedStartEventsOfProtectionEquipment_getFromBuffer
 .text.PackedStartEventsOfProtectionEquipmentWithCP56Time2a_encode
                0x0000000008008c60       0x7c ./src/iec60870/cs101/cs101_information_objects.o
 .text.PackedStartEventsOfProtectionEquipmentWithCP56Time2a_initialize
                0x0000000008008cdc       0x24 ./src/iec60870/cs101/cs101_information_objects.o
 .text.PackedStartEventsOfProtectionEquipmentWithCP56Time2a_destroy
                0x0000000008008d00       0x16 ./src/iec60870/cs101/cs101_information_objects.o
                0x0000000008008d00                PackedStartEventsOfProtectionEquipmentWithCP56Time2a_destroy
 .text.PackedStartEventsOfProtectionEquipmentWithCP56Time2a_getFromBuffer
                0x0000000008008d16       0xca ./src/iec60870/cs101/cs101_information_objects.o
                0x0000000008008d16                PackedStartEventsOfProtectionEquipmentWithCP56Time2a_getFromBuffer
 .text.PacketOutputCircuitInfo_encode
                0x0000000008008de0       0x7c ./src/iec60870/cs101/cs101_information_objects.o
 .text.PacketOutputCircuitInfo_initialize
                0x0000000008008e5c       0x24 ./src/iec60870/cs101/cs101_information_objects.o
 .text.PackedOutputCircuitInfo_destroy
                0x0000000008008e80       0x16 ./src/iec60870/cs101/cs101_information_objects.o
                0x0000000008008e80                PackedOutputCircuitInfo_destroy
 .text.PackedOutputCircuitInfo_getFromBuffer
                0x0000000008008e96       0xca ./src/iec60870/cs101/cs101_information_objects.o
                0x0000000008008e96                PackedOutputCircuitInfo_getFromBuffer
 .text.PackedOutputCircuitInfoWithCP56Time2a_encode
                0x0000000008008f60       0x7c ./src/iec60870/cs101/cs101_information_objects.o
 .text.PackedOutputCircuitInfoWithCP56Time2a_initialize
                0x0000000008008fdc       0x24 ./src/iec60870/cs101/cs101_information_objects.o
 .text.PackedOutputCircuitInfoWithCP56Time2a_destroy
                0x0000000008009000       0x16 ./src/iec60870/cs101/cs101_information_objects.o
                0x0000000008009000                PackedOutputCircuitInfoWithCP56Time2a_destroy
 .text.PackedOutputCircuitInfoWithCP56Time2a_getFromBuffer
                0x0000000008009016       0xca ./src/iec60870/cs101/cs101_information_objects.o
                0x0000000008009016                PackedOutputCircuitInfoWithCP56Time2a_getFromBuffer
 .text.PackedSinglePointWithSCD_encode
                0x00000000080090e0       0x62 ./src/iec60870/cs101/cs101_information_objects.o
 *fill*         0x0000000008009142        0x2 
 .text.PackedSinglePointWithSCD_initialize
                0x0000000008009144       0x24 ./src/iec60870/cs101/cs101_information_objects.o
 .text.PackedSinglePointWithSCD_destroy
                0x0000000008009168       0x16 ./src/iec60870/cs101/cs101_information_objects.o
                0x0000000008009168                PackedSinglePointWithSCD_destroy
 .text.PackedSinglePointWithSCD_getFromBuffer
                0x000000000800917e       0xd4 ./src/iec60870/cs101/cs101_information_objects.o
                0x000000000800917e                PackedSinglePointWithSCD_getFromBuffer
 .text.SingleCommand_encode
                0x0000000008009252       0x54 ./src/iec60870/cs101/cs101_information_objects.o
 *fill*         0x00000000080092a6        0x2 
 .text.SingleCommand_initialize
                0x00000000080092a8       0x24 ./src/iec60870/cs101/cs101_information_objects.o
 .text.SingleCommand_destroy
                0x00000000080092cc       0x16 ./src/iec60870/cs101/cs101_information_objects.o
                0x00000000080092cc                SingleCommand_destroy
 .text.SingleCommand_create
                0x00000000080092e2       0x70 ./src/iec60870/cs101/cs101_information_objects.o
                0x00000000080092e2                SingleCommand_create
 .text.SingleCommand_getFromBuffer
                0x0000000008009352       0x6c ./src/iec60870/cs101/cs101_information_objects.o
                0x0000000008009352                SingleCommand_getFromBuffer
 .text.SingleCommandWithCP56Time2a_encode
                0x00000000080093be       0x56 ./src/iec60870/cs101/cs101_information_objects.o
 .text.SingleCommandWithCP56Time2a_initialize
                0x0000000008009414       0x24 ./src/iec60870/cs101/cs101_information_objects.o
 .text.SingleCommandWithCP56Time2a_destroy
                0x0000000008009438       0x16 ./src/iec60870/cs101/cs101_information_objects.o
                0x0000000008009438                SingleCommandWithCP56Time2a_destroy
 .text.SingleCommandWithCP56Time2a_getFromBuffer
                0x000000000800944e       0x82 ./src/iec60870/cs101/cs101_information_objects.o
                0x000000000800944e                SingleCommandWithCP56Time2a_getFromBuffer
 .text.DoubleCommand_encode
                0x00000000080094d0       0x54 ./src/iec60870/cs101/cs101_information_objects.o
 .text.DoubleCommand_initialize
                0x0000000008009524       0x24 ./src/iec60870/cs101/cs101_information_objects.o
 .text.DoubleCommand_destroy
                0x0000000008009548       0x16 ./src/iec60870/cs101/cs101_information_objects.o
                0x0000000008009548                DoubleCommand_destroy
 .text.DoubleCommand_getFromBuffer
                0x000000000800955e       0x6c ./src/iec60870/cs101/cs101_information_objects.o
                0x000000000800955e                DoubleCommand_getFromBuffer
 .text.DoubleCommandWithCP56Time2a_encode
                0x00000000080095ca       0x56 ./src/iec60870/cs101/cs101_information_objects.o
 .text.DoubleCommandWithCP56Time2a_initialize
                0x0000000008009620       0x24 ./src/iec60870/cs101/cs101_information_objects.o
 .text.DoubleCommandWithCP56Time2a_destroy
                0x0000000008009644       0x16 ./src/iec60870/cs101/cs101_information_objects.o
                0x0000000008009644                DoubleCommandWithCP56Time2a_destroy
 .text.DoubleCommandWithCP56Time2a_getFromBuffer
                0x000000000800965a       0x82 ./src/iec60870/cs101/cs101_information_objects.o
                0x000000000800965a                DoubleCommandWithCP56Time2a_getFromBuffer
 .text.StepCommand_encode
                0x00000000080096dc       0x54 ./src/iec60870/cs101/cs101_information_objects.o
 .text.StepCommand_initialize
                0x0000000008009730       0x24 ./src/iec60870/cs101/cs101_information_objects.o
 .text.StepCommand_destroy
                0x0000000008009754       0x16 ./src/iec60870/cs101/cs101_information_objects.o
                0x0000000008009754                StepCommand_destroy
 .text.StepCommand_getFromBuffer
                0x000000000800976a       0x6c ./src/iec60870/cs101/cs101_information_objects.o
                0x000000000800976a                StepCommand_getFromBuffer
 .text.StepCommandWithCP56Time2a_encode
                0x00000000080097d6       0x56 ./src/iec60870/cs101/cs101_information_objects.o
 .text.StepCommandWithCP56Time2a_initialize
                0x000000000800982c       0x24 ./src/iec60870/cs101/cs101_information_objects.o
 .text.StepCommandWithCP56Time2a_destroy
                0x0000000008009850       0x16 ./src/iec60870/cs101/cs101_information_objects.o
                0x0000000008009850                StepCommandWithCP56Time2a_destroy
 .text.StepCommandWithCP56Time2a_getFromBuffer
                0x0000000008009866       0x82 ./src/iec60870/cs101/cs101_information_objects.o
                0x0000000008009866                StepCommandWithCP56Time2a_getFromBuffer
 .text.SetpointCommandNormalized_encode
                0x00000000080098e8       0x62 ./src/iec60870/cs101/cs101_information_objects.o
 *fill*         0x000000000800994a        0x2 
 .text.SetpointCommandNormalized_initialize
                0x000000000800994c       0x24 ./src/iec60870/cs101/cs101_information_objects.o
 .text.SetpointCommandNormalized_destroy
                0x0000000008009970       0x16 ./src/iec60870/cs101/cs101_information_objects.o
                0x0000000008009970                SetpointCommandNormalized_destroy
 .text.SetpointCommandNormalized_getFromBuffer
                0x0000000008009986       0x90 ./src/iec60870/cs101/cs101_information_objects.o
                0x0000000008009986                SetpointCommandNormalized_getFromBuffer
 .text.SetpointCommandNormalizedWithCP56Time2a_encode
                0x0000000008009a16       0x56 ./src/iec60870/cs101/cs101_information_objects.o
 .text.SetpointCommandNormalizedWithCP56Time2a_initialize
                0x0000000008009a6c       0x24 ./src/iec60870/cs101/cs101_information_objects.o
 .text.SetpointCommandNormalizedWithCP56Time2a_destroy
                0x0000000008009a90       0x16 ./src/iec60870/cs101/cs101_information_objects.o
                0x0000000008009a90                SetpointCommandNormalizedWithCP56Time2a_destroy
 .text.SetpointCommandNormalizedWithCP56Time2a_getFromBuffer
                0x0000000008009aa6       0xa6 ./src/iec60870/cs101/cs101_information_objects.o
                0x0000000008009aa6                SetpointCommandNormalizedWithCP56Time2a_getFromBuffer
 .text.SetpointCommandScaled_encode
                0x0000000008009b4c       0x62 ./src/iec60870/cs101/cs101_information_objects.o
 *fill*         0x0000000008009bae        0x2 
 .text.SetpointCommandScaled_initialize
                0x0000000008009bb0       0x24 ./src/iec60870/cs101/cs101_information_objects.o
 .text.SetpointCommandScaled_destroy
                0x0000000008009bd4       0x16 ./src/iec60870/cs101/cs101_information_objects.o
                0x0000000008009bd4                SetpointCommandScaled_destroy
 .text.SetpointCommandScaled_getFromBuffer
                0x0000000008009bea       0x90 ./src/iec60870/cs101/cs101_information_objects.o
                0x0000000008009bea                SetpointCommandScaled_getFromBuffer
 .text.SetpointCommandScaledWithCP56Time2a_encode
                0x0000000008009c7a       0x56 ./src/iec60870/cs101/cs101_information_objects.o
 .text.SetpointCommandScaledWithCP56Time2a_initialize
                0x0000000008009cd0       0x24 ./src/iec60870/cs101/cs101_information_objects.o
 .text.SetpointCommandScaledWithCP56Time2a_destroy
                0x0000000008009cf4       0x16 ./src/iec60870/cs101/cs101_information_objects.o
                0x0000000008009cf4                SetpointCommandScaledWithCP56Time2a_destroy
 .text.SetpointCommandScaledWithCP56Time2a_getFromBuffer
                0x0000000008009d0a       0xa6 ./src/iec60870/cs101/cs101_information_objects.o
                0x0000000008009d0a                SetpointCommandScaledWithCP56Time2a_getFromBuffer
 .text.SetpointCommandShort_encode
                0x0000000008009db0       0x64 ./src/iec60870/cs101/cs101_information_objects.o
 .text.SetpointCommandShort_initialize
                0x0000000008009e14       0x24 ./src/iec60870/cs101/cs101_information_objects.o
 .text.SetpointCommandShort_destroy
                0x0000000008009e38       0x16 ./src/iec60870/cs101/cs101_information_objects.o
                0x0000000008009e38                SetpointCommandShort_destroy
 .text.SetpointCommandShort_getFromBuffer
                0x0000000008009e4e       0xc0 ./src/iec60870/cs101/cs101_information_objects.o
                0x0000000008009e4e                SetpointCommandShort_getFromBuffer
 .text.SetpointCommandShortWithCP56Time2a_encode
                0x0000000008009f0e       0x56 ./src/iec60870/cs101/cs101_information_objects.o
 .text.SetpointCommandShortWithCP56Time2a_initialize
                0x0000000008009f64       0x24 ./src/iec60870/cs101/cs101_information_objects.o
 .text.SetpointCommandShortWithCP56Time2a_destroy
                0x0000000008009f88       0x16 ./src/iec60870/cs101/cs101_information_objects.o
                0x0000000008009f88                SetpointCommandShortWithCP56Time2a_destroy
 .text.SetpointCommandShortWithCP56Time2a_getFromBuffer
                0x0000000008009f9e       0xd6 ./src/iec60870/cs101/cs101_information_objects.o
                0x0000000008009f9e                SetpointCommandShortWithCP56Time2a_getFromBuffer
 .text.Bitstring32Command_encode
                0x000000000800a074       0x58 ./src/iec60870/cs101/cs101_information_objects.o
 .text.Bitstring32Command_initialize
                0x000000000800a0cc       0x24 ./src/iec60870/cs101/cs101_information_objects.o
 .text.Bitstring32Command_destroy
                0x000000000800a0f0       0x16 ./src/iec60870/cs101/cs101_information_objects.o
                0x000000000800a0f0                Bitstring32Command_destroy
 .text.Bitstring32Command_getFromBuffer
                0x000000000800a106       0xb4 ./src/iec60870/cs101/cs101_information_objects.o
                0x000000000800a106                Bitstring32Command_getFromBuffer
 .text.Bitstring32CommandWithCP56Time2a_encode
                0x000000000800a1ba       0x56 ./src/iec60870/cs101/cs101_information_objects.o
 .text.Bitstring32CommandWithCP56Time2a_initialize
                0x000000000800a210       0x24 ./src/iec60870/cs101/cs101_information_objects.o
 .text.Bitstring32CommandWithCP56Time2a_destroy
                0x000000000800a234       0x16 ./src/iec60870/cs101/cs101_information_objects.o
                0x000000000800a234                Bitstring32CommandWithCP56Time2a_destroy
 .text.Bitstring32CommandWithCP56Time2a_getFromBuffer
                0x000000000800a24a       0xc4 ./src/iec60870/cs101/cs101_information_objects.o
                0x000000000800a24a                Bitstring32CommandWithCP56Time2a_getFromBuffer
 .text.ReadCommand_encode
                0x000000000800a30e       0x46 ./src/iec60870/cs101/cs101_information_objects.o
 .text.ReadCommand_initialize
                0x000000000800a354       0x24 ./src/iec60870/cs101/cs101_information_objects.o
 .text.ReadCommand_destroy
                0x000000000800a378       0x16 ./src/iec60870/cs101/cs101_information_objects.o
                0x000000000800a378                ReadCommand_destroy
 .text.ReadCommand_getFromBuffer
                0x000000000800a38e       0x54 ./src/iec60870/cs101/cs101_information_objects.o
                0x000000000800a38e                ReadCommand_getFromBuffer
 .text.ClockSynchronizationCommand_encode
                0x000000000800a3e2       0x56 ./src/iec60870/cs101/cs101_information_objects.o
 .text.ClockSynchronizationCommand_initialize
                0x000000000800a438       0x24 ./src/iec60870/cs101/cs101_information_objects.o
 .text.ClockSynchronizationCommand_destroy
                0x000000000800a45c       0x16 ./src/iec60870/cs101/cs101_information_objects.o
                0x000000000800a45c                ClockSynchronizationCommand_destroy
 .text.ClockSynchronizationCommand_getFromBuffer
                0x000000000800a472       0x70 ./src/iec60870/cs101/cs101_information_objects.o
                0x000000000800a472                ClockSynchronizationCommand_getFromBuffer
 .text.InterrogationCommand_encode
                0x000000000800a4e2       0x54 ./src/iec60870/cs101/cs101_information_objects.o
 *fill*         0x000000000800a536        0x2 
 .text.InterrogationCommand_initialize
                0x000000000800a538       0x24 ./src/iec60870/cs101/cs101_information_objects.o
 .text.InterrogationCommand_create
                0x000000000800a55c       0x3e ./src/iec60870/cs101/cs101_information_objects.o
                0x000000000800a55c                InterrogationCommand_create
 .text.InterrogationCommand_destroy
                0x000000000800a59a       0x16 ./src/iec60870/cs101/cs101_information_objects.o
                0x000000000800a59a                InterrogationCommand_destroy
 .text.InterrogationCommand_getFromBuffer
                0x000000000800a5b0       0x6c ./src/iec60870/cs101/cs101_information_objects.o
                0x000000000800a5b0                InterrogationCommand_getFromBuffer
 .text.CounterInterrogationCommand_encode
                0x000000000800a61c       0x54 ./src/iec60870/cs101/cs101_information_objects.o
 .text.CounterInterrogationCommand_initialize
                0x000000000800a670       0x24 ./src/iec60870/cs101/cs101_information_objects.o
 .text.CounterInterrogationCommand_destroy
                0x000000000800a694       0x16 ./src/iec60870/cs101/cs101_information_objects.o
                0x000000000800a694                CounterInterrogationCommand_destroy
 .text.CounterInterrogationCommand_getFromBuffer
                0x000000000800a6aa       0x6c ./src/iec60870/cs101/cs101_information_objects.o
                0x000000000800a6aa                CounterInterrogationCommand_getFromBuffer
 .text.TestCommand_encode
                0x000000000800a716       0x60 ./src/iec60870/cs101/cs101_information_objects.o
 *fill*         0x000000000800a776        0x2 
 .text.TestCommand_initialize
                0x000000000800a778       0x24 ./src/iec60870/cs101/cs101_information_objects.o
 .text.TestCommand_destroy
                0x000000000800a79c       0x16 ./src/iec60870/cs101/cs101_information_objects.o
                0x000000000800a79c                TestCommand_destroy
 .text.TestCommand_getFromBuffer
                0x000000000800a7b2       0x78 ./src/iec60870/cs101/cs101_information_objects.o
                0x000000000800a7b2                TestCommand_getFromBuffer
 .text.TestCommandWithCP56Time2a_encode
                0x000000000800a82a       0x76 ./src/iec60870/cs101/cs101_information_objects.o
 .text.TestCommandWithCP56Time2a_initialize
                0x000000000800a8a0       0x24 ./src/iec60870/cs101/cs101_information_objects.o
 .text.TestCommandWithCP56Time2a_destroy
                0x000000000800a8c4       0x16 ./src/iec60870/cs101/cs101_information_objects.o
                0x000000000800a8c4                TestCommandWithCP56Time2a_destroy
 .text.TestCommandWithCP56Time2a_getFromBuffer
                0x000000000800a8da       0x9c ./src/iec60870/cs101/cs101_information_objects.o
                0x000000000800a8da                TestCommandWithCP56Time2a_getFromBuffer
 .text.ResetProcessCommand_encode
                0x000000000800a976       0x54 ./src/iec60870/cs101/cs101_information_objects.o
 *fill*         0x000000000800a9ca        0x2 
 .text.ResetProcessCommand_initialize
                0x000000000800a9cc       0x24 ./src/iec60870/cs101/cs101_information_objects.o
 .text.ResetProcessCommand_destroy
                0x000000000800a9f0       0x16 ./src/iec60870/cs101/cs101_information_objects.o
                0x000000000800a9f0                ResetProcessCommand_destroy
 .text.ResetProcessCommand_getFromBuffer
                0x000000000800aa06       0x6c ./src/iec60870/cs101/cs101_information_objects.o
                0x000000000800aa06                ResetProcessCommand_getFromBuffer
 .text.DelayAcquisitionCommand_encode
                0x000000000800aa72       0x56 ./src/iec60870/cs101/cs101_information_objects.o
 .text.DelayAcquisitionCommand_initialize
                0x000000000800aac8       0x24 ./src/iec60870/cs101/cs101_information_objects.o
 .text.DelayAcquisitionCommand_destroy
                0x000000000800aaec       0x16 ./src/iec60870/cs101/cs101_information_objects.o
                0x000000000800aaec                DelayAcquisitionCommand_destroy
 .text.DelayAcquisitionCommand_getFromBuffer
                0x000000000800ab02       0x70 ./src/iec60870/cs101/cs101_information_objects.o
                0x000000000800ab02                DelayAcquisitionCommand_getFromBuffer
 .text.ParameterActivation_encode
                0x000000000800ab72       0x54 ./src/iec60870/cs101/cs101_information_objects.o
 *fill*         0x000000000800abc6        0x2 
 .text.ParameterActivation_initialize
                0x000000000800abc8       0x24 ./src/iec60870/cs101/cs101_information_objects.o
 .text.ParameterActivation_destroy
                0x000000000800abec       0x16 ./src/iec60870/cs101/cs101_information_objects.o
                0x000000000800abec                ParameterActivation_destroy
 .text.ParameterActivation_getFromBuffer
                0x000000000800ac02       0x72 ./src/iec60870/cs101/cs101_information_objects.o
                0x000000000800ac02                ParameterActivation_getFromBuffer
 .text.EndOfInitialization_encode
                0x000000000800ac74       0x54 ./src/iec60870/cs101/cs101_information_objects.o
 .text.EndOfInitialization_initialize
                0x000000000800acc8       0x24 ./src/iec60870/cs101/cs101_information_objects.o
 .text.EndOfInitialization_destroy
                0x000000000800acec       0x16 ./src/iec60870/cs101/cs101_information_objects.o
                0x000000000800acec                EndOfInitialization_destroy
 .text.EndOfInitialization_getFromBuffer
                0x000000000800ad02       0x6c ./src/iec60870/cs101/cs101_information_objects.o
                0x000000000800ad02                EndOfInitialization_getFromBuffer
 .text.FileReady_encode
                0x000000000800ad6e       0xa2 ./src/iec60870/cs101/cs101_information_objects.o
 .text.FileReady_initialize
                0x000000000800ae10       0x24 ./src/iec60870/cs101/cs101_information_objects.o
 .text.FileReady_destroy
                0x000000000800ae34       0x16 ./src/iec60870/cs101/cs101_information_objects.o
                0x000000000800ae34                FileReady_destroy
 .text.FileReady_getFromBuffer
                0x000000000800ae4a       0xe6 ./src/iec60870/cs101/cs101_information_objects.o
                0x000000000800ae4a                FileReady_getFromBuffer
 .text.SectionReady_encode
                0x000000000800af30       0xae ./src/iec60870/cs101/cs101_information_objects.o
 *fill*         0x000000000800afde        0x2 
 .text.SectionReady_initialize
                0x000000000800afe0       0x24 ./src/iec60870/cs101/cs101_information_objects.o
 .text.SectionReady_destroy
                0x000000000800b004       0x16 ./src/iec60870/cs101/cs101_information_objects.o
                0x000000000800b004                SectionReady_destroy
 .text.SectionReady_getFromBuffer
                0x000000000800b01a       0xf8 ./src/iec60870/cs101/cs101_information_objects.o
                0x000000000800b01a                SectionReady_getFromBuffer
 .text.FileCallOrSelect_encode
                0x000000000800b112       0x80 ./src/iec60870/cs101/cs101_information_objects.o
 *fill*         0x000000000800b192        0x2 
 .text.FileCallOrSelect_initialize
                0x000000000800b194       0x24 ./src/iec60870/cs101/cs101_information_objects.o
 .text.FileCallOrSelect_destroy
                0x000000000800b1b8       0x16 ./src/iec60870/cs101/cs101_information_objects.o
                0x000000000800b1b8                FileCallOrSelect_destroy
 .text.FileCallOrSelect_getFromBuffer
                0x000000000800b1ce       0xb0 ./src/iec60870/cs101/cs101_information_objects.o
                0x000000000800b1ce                FileCallOrSelect_getFromBuffer
 .text.FileLastSegmentOrSection_encode
                0x000000000800b27e       0x68 ./src/iec60870/cs101/cs101_information_objects.o
 *fill*         0x000000000800b2e6        0x2 
 .text.FileLastSegmentOrSection_initialize
                0x000000000800b2e8       0x24 ./src/iec60870/cs101/cs101_information_objects.o
 .text.FileLastSegmentOrSection_destroy
                0x000000000800b30c       0x16 ./src/iec60870/cs101/cs101_information_objects.o
                0x000000000800b30c                FileLastSegmentOrSection_destroy
 .text.FileLastSegmentOrSection_getFromBuffer
                0x000000000800b322       0xc2 ./src/iec60870/cs101/cs101_information_objects.o
                0x000000000800b322                FileLastSegmentOrSection_getFromBuffer
 .text.FileACK_encode
                0x000000000800b3e4       0x5c ./src/iec60870/cs101/cs101_information_objects.o
 .text.FileACK_initialize
                0x000000000800b440       0x24 ./src/iec60870/cs101/cs101_information_objects.o
 .text.FileACK_destroy
                0x000000000800b464       0x16 ./src/iec60870/cs101/cs101_information_objects.o
                0x000000000800b464                FileACK_destroy
 .text.FileACK_getFromBuffer
                0x000000000800b47a       0xb0 ./src/iec60870/cs101/cs101_information_objects.o
                0x000000000800b47a                FileACK_getFromBuffer
 .text.FileSegment_encode
                0x000000000800b52a       0x82 ./src/iec60870/cs101/cs101_information_objects.o
 .text.FileSegment_initialize
                0x000000000800b5ac       0x24 ./src/iec60870/cs101/cs101_information_objects.o
 .text.FileSegment_GetMaxDataSize
                0x000000000800b5d0       0x3c ./src/iec60870/cs101/cs101_information_objects.o
                0x000000000800b5d0                FileSegment_GetMaxDataSize
 .text.FileSegment_destroy
                0x000000000800b60c       0x16 ./src/iec60870/cs101/cs101_information_objects.o
                0x000000000800b60c                FileSegment_destroy
 .text.FileSegment_getFromBuffer
                0x000000000800b622       0xec ./src/iec60870/cs101/cs101_information_objects.o
                0x000000000800b622                FileSegment_getFromBuffer
 .text.FileDirectory_encode
                0x000000000800b70e       0xde ./src/iec60870/cs101/cs101_information_objects.o
 .text.FileDirectory_initialize
                0x000000000800b7ec       0x24 ./src/iec60870/cs101/cs101_information_objects.o
 .text.FileDirectory_destroy
                0x000000000800b810       0x16 ./src/iec60870/cs101/cs101_information_objects.o
                0x000000000800b810                FileDirectory_destroy
 .text.FileDirectory_getFromBuffer
                0x000000000800b826      0x10a ./src/iec60870/cs101/cs101_information_objects.o
                0x000000000800b826                FileDirectory_getFromBuffer
 .text.QueryLog_encode
                0x000000000800b930       0x84 ./src/iec60870/cs101/cs101_information_objects.o
 .text.QueryLog_initialize
                0x000000000800b9b4       0x24 ./src/iec60870/cs101/cs101_information_objects.o
 .text.QueryLog_destroy
                0x000000000800b9d8       0x16 ./src/iec60870/cs101/cs101_information_objects.o
                0x000000000800b9d8                QueryLog_destroy
 .text.QueryLog_getFromBuffer
                0x000000000800b9ee       0xb8 ./src/iec60870/cs101/cs101_information_objects.o
                0x000000000800b9ee                QueryLog_getFromBuffer
 .text.IBalancedApplicationLayer_GetUserData
                0x000000000800baa6       0x3e ./src/iec60870/cs101/cs101_master.o
 .text.IBalancedApplicationLayer_HandleReceivedData
                0x000000000800bae4       0x50 ./src/iec60870/cs101/cs101_master.o
 .text.IPrimaryApplicationLayer_AccessDemand
                0x000000000800bb34       0x22 ./src/iec60870/cs101/cs101_master.o
 .text.IPrimaryApplicationLayer_UserData
                0x000000000800bb56       0x4c ./src/iec60870/cs101/cs101_master.o
 .text.IPrimaryApplicationLayer_Timeout
                0x000000000800bba2       0x16 ./src/iec60870/cs101/cs101_master.o
 .text.CS101_Master_createEx
                0x000000000800bbb8      0x114 ./src/iec60870/cs101/cs101_master.o
                0x000000000800bbb8                CS101_Master_createEx
 .text.CS101_Master_create
                0x000000000800bccc       0x28 ./src/iec60870/cs101/cs101_master.o
                0x000000000800bccc                CS101_Master_create
 .text.CS101_Master_setOwnAddress
                0x000000000800bcf4       0x26 ./src/iec60870/cs101/cs101_master.o
                0x000000000800bcf4                CS101_Master_setOwnAddress
 .text.CS101_Master_useSlaveAddress
                0x000000000800bd1a       0x2c ./src/iec60870/cs101/cs101_master.o
                0x000000000800bd1a                CS101_Master_useSlaveAddress
 .text.CS101_Master_getLinkLayerParameters
                0x000000000800bd46       0x18 ./src/iec60870/cs101/cs101_master.o
                0x000000000800bd46                CS101_Master_getLinkLayerParameters
 *fill*         0x000000000800bd5e        0x2 
 .text.CS101_Master_sendInterrogationCommand
                0x000000000800bd60       0xb8 ./src/iec60870/cs101/cs101_master.o
                0x000000000800bd60                CS101_Master_sendInterrogationCommand
 .text.CS101_Master_sendProcessCommand
                0x000000000800be18       0xa4 ./src/iec60870/cs101/cs101_master.o
                0x000000000800be18                CS101_Master_sendProcessCommand
 .text.isBroadcastAddress
                0x000000000800bebc       0x48 ./src/iec60870/cs101/cs101_master.o
 .text.CS101_Master_sendASDU
                0x000000000800bf04       0x98 ./src/iec60870/cs101/cs101_master.o
                0x000000000800bf04                CS101_Master_sendASDU
 .text.CS101_Master_setASDUReceivedHandler
                0x000000000800bf9c       0x24 ./src/iec60870/cs101/cs101_master.o
                0x000000000800bf9c                CS101_Master_setASDUReceivedHandler
 .text.CS101_Master_setLinkLayerStateChanged
                0x000000000800bfc0       0x3c ./src/iec60870/cs101/cs101_master.o
                0x000000000800bfc0                CS101_Master_setLinkLayerStateChanged
 .text.CS101_Master_setRawMessageHandler
                0x000000000800bffc       0x22 ./src/iec60870/cs101/cs101_master.o
                0x000000000800bffc                CS101_Master_setRawMessageHandler
 .text.CS101_Queue_initialize
                0x000000000800c01e       0x3e ./src/iec60870/cs101/cs101_queue.o
                0x000000000800c01e                CS101_Queue_initialize
 .text.CS101_Queue_lock
                0x000000000800c05c       0x14 ./src/iec60870/cs101/cs101_queue.o
                0x000000000800c05c                CS101_Queue_lock
 .text.CS101_Queue_unlock
                0x000000000800c070       0x14 ./src/iec60870/cs101/cs101_queue.o
                0x000000000800c070                CS101_Queue_unlock
 .text.CS101_Queue_enqueue
                0x000000000800c084       0xe2 ./src/iec60870/cs101/cs101_queue.o
                0x000000000800c084                CS101_Queue_enqueue
 .text.CS101_Queue_dequeue
                0x000000000800c166       0x7a ./src/iec60870/cs101/cs101_queue.o
                0x000000000800c166                CS101_Queue_dequeue
 .text.Frame_setNextByte
                0x000000000800c1e0       0x22 ./src/iec60870/frame.o
                0x000000000800c1e0                Frame_setNextByte
 .text.Frame_appendBytes
                0x000000000800c202       0x22 ./src/iec60870/frame.o
                0x000000000800c202                Frame_appendBytes
 .text.Frame_getSpaceLeft
                0x000000000800c224       0x1c ./src/iec60870/frame.o
                0x000000000800c224                Frame_getSpaceLeft
 .text.BufferFrame_initialize
                0x000000000800c240       0x3c ./src/iec60870/link_layer/buffer_frame.o
                0x000000000800c240                BufferFrame_initialize
 .text.BufferFrame_destroy
                0x000000000800c27c       0x1e ./src/iec60870/link_layer/buffer_frame.o
                0x000000000800c27c                BufferFrame_destroy
 .text.BufferFrame_resetFrame
                0x000000000800c29a       0x20 ./src/iec60870/link_layer/buffer_frame.o
                0x000000000800c29a                BufferFrame_resetFrame
 .text.BufferFrame_setNextByte
                0x000000000800c2ba       0x30 ./src/iec60870/link_layer/buffer_frame.o
                0x000000000800c2ba                BufferFrame_setNextByte
 .text.BufferFrame_appendBytes
                0x000000000800c2ea       0x58 ./src/iec60870/link_layer/buffer_frame.o
                0x000000000800c2ea                BufferFrame_appendBytes
 .text.BufferFrame_getMsgSize
                0x000000000800c342       0x1c ./src/iec60870/link_layer/buffer_frame.o
                0x000000000800c342                BufferFrame_getMsgSize
 .text.BufferFrame_getBuffer
                0x000000000800c35e       0x1c ./src/iec60870/link_layer/buffer_frame.o
                0x000000000800c35e                BufferFrame_getBuffer
 .text.BufferFrame_getSpaceLeft
                0x000000000800c37a       0x22 ./src/iec60870/link_layer/buffer_frame.o
                0x000000000800c37a                BufferFrame_getSpaceLeft
 .text.LinkLayer_init
                0x000000000800c39c       0x6e ./src/iec60870/link_layer/link_layer.o
                0x000000000800c39c                LinkLayer_init
 .text.LinkLayer_getBroadcastAddress
                0x000000000800c40a       0x38 ./src/iec60870/link_layer/link_layer.o
 .text.LinkLayerSecondaryBalanced_init
                0x000000000800c442       0x32 ./src/iec60870/link_layer/link_layer.o
 .text.LinkLayerPrimaryBalanced_init
                0x000000000800c474       0x5e ./src/iec60870/link_layer/link_layer.o
 .text.LinkLayerBalanced_create
                0x000000000800c4d2       0x8a ./src/iec60870/link_layer/link_layer.o
                0x000000000800c4d2                LinkLayerBalanced_create
 .text.LinkLayerBalanced_setStateChangeHandler
                0x000000000800c55c       0x28 ./src/iec60870/link_layer/link_layer.o
                0x000000000800c55c                LinkLayerBalanced_setStateChangeHandler
 .text.LinkLayerBalanced_setDIR
                0x000000000800c584       0x22 ./src/iec60870/link_layer/link_layer.o
                0x000000000800c584                LinkLayerBalanced_setDIR
 .text.LinkLayerBalanced_setAddress
                0x000000000800c5a6       0x20 ./src/iec60870/link_layer/link_layer.o
                0x000000000800c5a6                LinkLayerBalanced_setAddress
 .text.LinkLayerBalanced_setOtherStationAddress
                0x000000000800c5c6       0x1e ./src/iec60870/link_layer/link_layer.o
                0x000000000800c5c6                LinkLayerBalanced_setOtherStationAddress
 .text.LinkLayerPrimaryUnbalanced_create
                0x000000000800c5e4       0xac ./src/iec60870/link_layer/link_layer.o
                0x000000000800c5e4                LinkLayerPrimaryUnbalanced_create
 .text.LinkLayerPrimaryUnbalanced_setStateChangeHandler
                0x000000000800c690       0x28 ./src/iec60870/link_layer/link_layer.o
                0x000000000800c690                LinkLayerPrimaryUnbalanced_setStateChangeHandler
 .text.LinkLayerPrimaryUnbalanced_getSlaveConnection
                0x000000000800c6b8       0x4e ./src/iec60870/link_layer/link_layer.o
 .text.LinkLayerPrimaryUnbalanced_requestClass1Data
                0x000000000800c706       0x30 ./src/iec60870/link_layer/link_layer.o
                0x000000000800c706                LinkLayerPrimaryUnbalanced_requestClass1Data
 .text.LinkLayerPrimaryUnbalanced_sendConfirmed
                0x000000000800c736       0x60 ./src/iec60870/link_layer/link_layer.o
                0x000000000800c736                LinkLayerPrimaryUnbalanced_sendConfirmed
 .text.LinkLayerPrimaryUnbalanced_sendNoReply
                0x000000000800c796       0xac ./src/iec60870/link_layer/link_layer.o
                0x000000000800c796                LinkLayerPrimaryUnbalanced_sendNoReply
 .text.SerialTransceiverFT12_create
                0x000000000800c842       0x42 ./src/iec60870/link_layer/serial_transceiver_ft_1_2.o
                0x000000000800c842                SerialTransceiverFT12_create
 .text.SerialTransceiverFT12_setRawMessageHandler
                0x000000000800c884       0x24 ./src/iec60870/link_layer/serial_transceiver_ft_1_2.o
                0x000000000800c884                SerialTransceiverFT12_setRawMessageHandler
 .text.__errno  0x000000000800c8a8        0xc c:/st/stm32cubeide_1.7.0/stm32cubeide/plugins/com.st.stm32cube.ide.mcu.externaltools.gnu-tools-for-stm32.9-2020-q2-update.win32_2.0.0.202105311346/tools/bin/../lib/gcc/arm-none-eabi/9.3.1/../../../../arm-none-eabi/lib/thumb/v7e-m+fp/hard\libc_nano.a(lib_a-errno.o)
                0x000000000800c8a8                __errno
 .text.__libc_init_array
                0x000000000800c8b4       0x48 c:/st/stm32cubeide_1.7.0/stm32cubeide/plugins/com.st.stm32cube.ide.mcu.externaltools.gnu-tools-for-stm32.9-2020-q2-update.win32_2.0.0.202105311346/tools/bin/../lib/gcc/arm-none-eabi/9.3.1/../../../../arm-none-eabi/lib/thumb/v7e-m+fp/hard\libc_nano.a(lib_a-init.o)
                0x000000000800c8b4                __libc_init_array