main_master.c:117:13:rawMessageHandler	32	static
main_master.c:132:13:asduReceivedHandler	64	static
main_master.c:217:13:linkLayerStateChanged	24	static
main_master.c:247:5:main	120	static
main_master.c:465:6:SystemClock_Config	88	static
main_master.c:509:13:MX_CRC_Init	8	static
main_master.c:535:13:MX_USART1_UART_Init	8	static
main_master.c:568:13:MX_USART2_UART_Init	8	static
main_master.c:601:13:MX_GPIO_Init	48	static
main_master.c:641:6:printmsg	112	static
main_master.c:655:6:HAL_UART_RxCpltCallback	16	static
main_master.c:695:6:HAL_GPIO_EXTI_Callback	16	static
main_master.c:714:6:Error_Handler	4	static,ignoring_inline_asm
