cs101_master.c:82:1:IBalancedApplicationLayer_GetUserData	24	static
cs101_master.c:98:1:IBalancedApplicationLayer_HandleReceivedData	32	static
cs101_master.c:128:1:IPrimaryApplicationLayer_AccessDemand	24	static
cs101_master.c:138:1:IPrimaryApplicationLayer_UserData	32	static
cs101_master.c:152:1:IPrimaryApplicationLayer_Timeout	16	static
cs101_master.c:169:1:CS101_Master_createEx	48	static
cs101_master.c:226:1:CS101_Master_create	32	static
cs101_master.c:232:1:CS101_Master_run	16	static
cs101_master.c:259:1:CS101_Master_start	16	static
cs101_master.c:270:1:CS101_Master_stop	16	static
cs101_master.c:283:1:CS101_Master_destroy	16	static
cs101_master.c:303:1:CS101_Master_setDIR	16	static
cs101_master.c:310:1:CS101_Master_setOwnAddress	16	static
cs101_master.c:317:1:CS101_Master_useSlaveAddress	16	static
cs101_master.c:327:1:CS101_Master_getLinkLayerParameters	16	static
cs101_master.c:333:1:CS101_Master_getAppLayerParameters	16	static
cs101_master.c:340:1:CS101_Master_isChannelReady	16	static
cs101_master.c:349:1:CS101_Master_sendLinkLayerTestFunction	16	static
cs101_master.c:360:1:CS101_Master_sendInterrogationCommand	352	static
cs101_master.c:381:1:CS101_Master_sendCounterInterrogationCommand	352	static
cs101_master.c:397:1:CS101_Master_sendReadCommand	336	static
cs101_master.c:413:1:CS101_Master_sendClockSyncCommand	344	static
cs101_master.c:429:1:CS101_Master_sendTestCommand	336	static
cs101_master.c:446:1:CS101_Master_sendProcessCommand	328	static
cs101_master.c:461:1:isBroadcastAddress	16	static
cs101_master.c:474:1:CS101_Master_sendASDU	296	static
cs101_master.c:494:1:CS101_Master_addSlave	16	static
cs101_master.c:501:1:CS101_Master_pollSingleSlave	16	static
cs101_master.c:509:1:CS101_Master_setASDUReceivedHandler	24	static
cs101_master.c:516:1:CS101_Master_setLinkLayerStateChanged	24	static
cs101_master.c:527:1:CS101_Master_setRawMessageHandler	24	static
cs101_master.c:533:1:CS101_Master_setIdleTimeout	16	static
