cs101_asdu.c:41:1:asduFrame_destroy	16	static
cs101_asdu.c:47:1:asduFrame_setNextByte	24	static
cs101_asdu.c:55:1:asduFrame_appendBytes	40	static
cs101_asdu.c:69:1:asduFrame_getSpaceLeft	24	static
cs101_asdu.c:87:1:CS101_ASDU_create	48	static
cs101_asdu.c:99:1:CS101_ASDU_initializeStatic	32	static
cs101_asdu.c:143:1:CS101_ASDU_destroy	16	static
cs101_asdu.c:149:1:CS101_ASDU_encode	16	static
cs101_asdu.c:155:1:CS101_ASDU_createFromBuffer	32	static
cs101_asdu.c:178:1:CS101_ASDU_getPayload	16	static
cs101_asdu.c:184:1:CS101_ASDU_getPayloadSize	16	static
cs101_asdu.c:190:1:CS101_ASDU_addPayload	24	static
cs101_asdu.c:202:1:getFirstIOA	24	static
cs101_asdu.c:218:1:CS101_ASDU_addInformationObject	40	static
cs101_asdu.c:261:1:CS101_ASDU_removeAllElements	16	static
cs101_asdu.c:268:1:CS101_ASDU_isTest	16	static
cs101_asdu.c:277:1:CS101_ASDU_setTest	16	static
cs101_asdu.c:286:1:CS101_ASDU_isNegative	16	static
cs101_asdu.c:295:1:CS101_ASDU_setNegative	16	static
cs101_asdu.c:304:1:CS101_ASDU_getOA	16	static
cs101_asdu.c:313:1:CS101_ASDU_getCOT	16	static
cs101_asdu.c:319:1:CS101_ASDU_setCOT	24	static
cs101_asdu.c:328:1:CS101_ASDU_getCA	24	static
cs101_asdu.c:341:1:CS101_ASDU_setCA	24	static
cs101_asdu.c:371:1:CS101_ASDU_getTypeID	16	static
cs101_asdu.c:377:1:CS101_ASDU_setTypeID	16	static
cs101_asdu.c:383:1:CS101_ASDU_isSequence	16	static
cs101_asdu.c:392:1:CS101_ASDU_setSequence	16	static
cs101_asdu.c:401:1:CS101_ASDU_getNumberOfElements	16	static
cs101_asdu.c:407:1:CS101_ASDU_setNumberOfElements	16	static
cs101_asdu.c:414:1:CS101_ASDU_getElement	16	static
cs101_asdu.c:420:1:CS101_ASDU_getElementEx	48	static
cs101_asdu.c:1216:1:TypeID_toString	16	static
cs101_asdu.c:1427:1:CS101_CauseOfTransmission_toString	16	static
