cs101_slave.c:106:1:IsClass1DataAvailable	24	static
cs101_slave.c:114:1:GetClass1Data	24	static
cs101_slave.c:128:1:GetClass2Data	24	static
cs101_slave.c:142:1:HandleReceivedData	32	static
cs101_slave.c:163:1:ResetCUReceived	24	static
cs101_slave.c:196:1:IsClass2DataAvailable	24	static
cs101_slave.c:204:1:IBalancedApplicationLayer_GetUserData	16	static
cs101_slave.c:215:1:IBalancedApplicationLayer_HandleReceivedData	32	static
cs101_slave.c:234:1:isReady	24	static
cs101_slave.c:245:1:sendASDU	24	static
cs101_slave.c:255:1:sendACT_CON	24	static
cs101_slave.c:264:1:sendACT_TERM	16	static
cs101_slave.c:273:1:getApplicationLayerParameters	24	static
cs101_slave.c:295:1:CS101_Slave_createEx	48	static
cs101_slave.c:373:1:CS101_Slave_create	32	static
cs101_slave.c:379:1:CS101_Slave_destroy	16	static
cs101_slave.c:403:1:CS101_Slave_addPlugin	16	static
cs101_slave.c:413:1:CS101_Slave_setDIR	16	static
cs101_slave.c:421:1:CS101_Slave_setIdleTimeout	16	static
cs101_slave.c:430:1:CS101_Slave_setLinkLayerStateChanged	24	static
cs101_slave.c:441:1:CS101_Slave_setLinkLayerAddress	16	static
cs101_slave.c:450:1:CS101_Slave_setLinkLayerAddressOtherStation	16	static
cs101_slave.c:457:1:CS101_Slave_isClass1QueueFull	16	static
cs101_slave.c:463:1:CS101_Slave_enqueueUserDataClass1	16	static
cs101_slave.c:470:1:CS101_Slave_isClass2QueueFull	16	static
cs101_slave.c:476:1:CS101_Slave_enqueueUserDataClass2	16	static
cs101_slave.c:482:1:CS101_Slave_flushQueues	16	static
cs101_slave.c:489:1:CS101_Slave_run	24	static
cs101_slave.c:530:1:CS101_Slave_start	16	static
cs101_slave.c:541:1:CS101_Slave_stop	16	static
cs101_slave.c:555:1:CS101_Slave_getAppLayerParameters	16	static
cs101_slave.c:561:1:CS101_Slave_getLinkLayerParameters	16	static
cs101_slave.c:567:1:CS101_Slave_setResetCUHandler	24	static
cs101_slave.c:574:1:CS101_Slave_setInterrogationHandler	24	static
cs101_slave.c:581:1:CS101_Slave_setCounterInterrogationHandler	24	static
cs101_slave.c:588:1:CS101_Slave_setReadHandler	24	static
cs101_slave.c:595:1:CS101_Slave_setASDUHandler	24	static
cs101_slave.c:602:1:CS101_Slave_setClockSyncHandler	24	static
cs101_slave.c:609:1:CS101_Slave_setResetProcessHandler	24	static
cs101_slave.c:616:1:CS101_Slave_setDelayAcquisitionHandler	24	static
cs101_slave.c:623:1:responseCOTUnknown	16	static
cs101_slave.c:638:1:handleASDU	240	static
cs101_slave.c:872:1:CS101_Slave_setRawMessageHandler	24	static
