cs101_information_objects.c:52:1:SingleEvent_setEventState	24	static
cs101_information_objects.c:64:1:SingleEvent_getEventState	16	static
cs101_information_objects.c:70:1:SingleEvent_setQDP	24	static
cs101_information_objects.c:82:1:SingleEvent_getQDP	16	static
cs101_information_objects.c:88:1:StatusAndStatusChangeDetection_getSTn	16	static
cs101_information_objects.c:94:1:StatusAndStatusChangeDetection_getCDn	16	static
cs101_information_objects.c:100:1:StatusAndStatusChangeDetection_setSTn	16	static
cs101_information_objects.c:107:1:StatusAndStatusChangeDetection_getST	16	static
cs101_information_objects.c:116:1:StatusAndStatusChangeDetection_getCD	16	static
cs101_information_objects.c:143:1:InformationObject_encode	32	static
cs101_information_objects.c:149:1:InformationObject_destroy	16	static
cs101_information_objects.c:155:1:InformationObject_getObjectAddress	16	static
cs101_information_objects.c:161:1:InformationObject_setObjectAddress	16	static
cs101_information_objects.c:167:1:InformationObject_getType	16	static
cs101_information_objects.c:173:1:InformationObject_encodeBase	24	static
cs101_information_objects.c:187:1:InformationObject_ParseObjectAddress	32	static
cs101_information_objects.c:202:1:InformationObject_getFromBuffer	24	static
cs101_information_objects.c:210:1:InformationObject_getMaxSizeInMemory	4	static
cs101_information_objects.c:220:1:SinglePointInformation_encode	32	static
cs101_information_objects.c:245:1:SinglePointInformation_initialize	16	static
cs101_information_objects.c:252:1:SinglePointInformation_create	24	static
cs101_information_objects.c:270:1:SinglePointInformation_destroy	16	static
cs101_information_objects.c:276:1:SinglePointInformation_getFromBuffer	32	static
cs101_information_objects.c:314:1:SinglePointInformation_getValue	16	static
cs101_information_objects.c:320:1:SinglePointInformation_getQuality	16	static
cs101_information_objects.c:331:1:StepPositionInformation_encode	32	static
cs101_information_objects.c:353:1:StepPositionInformation_initialize	16	static
cs101_information_objects.c:360:1:StepPositionInformation_create	24	static
cs101_information_objects.c:391:1:StepPositionInformation_destroy	16	static
cs101_information_objects.c:397:1:StepPositionInformation_getObjectAddress	16	static
cs101_information_objects.c:403:1:StepPositionInformation_getValue	24	static
cs101_information_objects.c:414:1:StepPositionInformation_isTransient	16	static
cs101_information_objects.c:420:1:StepPositionInformation_getQuality	16	static
cs101_information_objects.c:427:1:StepPositionInformation_getFromBuffer	32	static
cs101_information_objects.c:468:1:StepPositionWithCP56Time2a_encode	32	static
cs101_information_objects.c:493:1:StepPositionWithCP56Time2a_initialize	16	static
cs101_information_objects.c:500:1:StepPositionWithCP56Time2a_destroy	16	static
cs101_information_objects.c:506:1:StepPositionWithCP56Time2a_create	24	static
cs101_information_objects.c:539:1:StepPositionWithCP56Time2a_getTimestamp	16	static
cs101_information_objects.c:545:1:StepPositionWithCP56Time2a_getFromBuffer	32	static
cs101_information_objects.c:588:1:StepPositionWithCP24Time2a_encode	32	static
cs101_information_objects.c:613:1:StepPositionWithCP24Time2a_initialize	16	static
cs101_information_objects.c:620:1:StepPositionWithCP24Time2a_destroy	16	static
cs101_information_objects.c:626:1:StepPositionWithCP24Time2a_create	24	static
cs101_information_objects.c:660:1:StepPositionWithCP24Time2a_getTimestamp	16	static
cs101_information_objects.c:666:1:StepPositionWithCP24Time2a_getFromBuffer	32	static
cs101_information_objects.c:709:1:DoublePointInformation_encode	32	static
cs101_information_objects.c:733:1:DoublePointInformation_destroy	16	static
cs101_information_objects.c:739:1:DoublePointInformation_initialize	16	static
cs101_information_objects.c:746:1:DoublePointInformation_create	24	static
cs101_information_objects.c:763:1:DoublePointInformation_getValue	16	static
cs101_information_objects.c:769:1:DoublePointInformation_getQuality	16	static
cs101_information_objects.c:775:1:DoublePointInformation_getFromBuffer	32	static
cs101_information_objects.c:818:1:DoublePointWithCP24Time2a_encode	32	static
cs101_information_objects.c:846:1:DoublePointWithCP24Time2a_destroy	16	static
cs101_information_objects.c:852:1:DoublePointWithCP24Time2a_initialize	16	static
cs101_information_objects.c:859:1:DoublePointWithCP24Time2a_create	24	static
cs101_information_objects.c:878:1:DoublePointWithCP24Time2a_getTimestamp	16	static
cs101_information_objects.c:884:1:DoublePointWithCP24Time2a_getFromBuffer	32	static
cs101_information_objects.c:930:1:DoublePointWithCP56Time2a_encode	32	static
cs101_information_objects.c:959:1:DoublePointWithCP56Time2a_destroy	16	static
cs101_information_objects.c:965:1:DoublePointWithCP56Time2a_initialize	16	static
cs101_information_objects.c:972:1:DoublePointWithCP56Time2a_create	24	static
cs101_information_objects.c:992:1:DoublePointWithCP56Time2a_getTimestamp	16	static
cs101_information_objects.c:998:1:DoublePointWithCP56Time2a_getFromBuffer	32	static
cs101_information_objects.c:1044:1:SinglePointWithCP24Time2a_encode	32	static
cs101_information_objects.c:1072:1:SinglePointWithCP24Time2a_destroy	16	static
cs101_information_objects.c:1078:1:SinglePointWithCP24Time2a_initialize	16	static
cs101_information_objects.c:1085:1:SinglePointWithCP24Time2a_create	24	static
cs101_information_objects.c:1104:1:SinglePointWithCP24Time2a_getTimestamp	16	static
cs101_information_objects.c:1110:1:SinglePointWithCP24Time2a_getFromBuffer	32	static
cs101_information_objects.c:1157:1:SinglePointWithCP56Time2a_encode	32	static
cs101_information_objects.c:1186:1:SinglePointWithCP56Time2a_initialize	16	static
cs101_information_objects.c:1193:1:SinglePointWithCP56Time2a_create	24	static
cs101_information_objects.c:1212:1:SinglePointWithCP56Time2a_destroy	16	static
cs101_information_objects.c:1218:1:SinglePointWithCP56Time2a_getTimestamp	16	static
cs101_information_objects.c:1225:1:SinglePointWithCP56Time2a_getFromBuffer	32	static
cs101_information_objects.c:1272:1:BitString32_encode	32	static
cs101_information_objects.c:1299:1:BitString32_initialize	16	static
cs101_information_objects.c:1306:1:BitString32_destroy	16	static
cs101_information_objects.c:1312:1:BitString32_create	24	static
cs101_information_objects.c:1318:1:BitString32_createEx	24	static
cs101_information_objects.c:1335:1:BitString32_getValue	16	static
cs101_information_objects.c:1341:1:BitString32_getQuality	16	static
cs101_information_objects.c:1347:1:BitString32_getFromBuffer	32	static
cs101_information_objects.c:1393:1:Bitstring32WithCP24Time2a_encode	32	static
cs101_information_objects.c:1423:1:Bitstring32WithCP24Time2a_initialize	16	static
cs101_information_objects.c:1430:1:Bitstring32WithCP24Time2a_destroy	16	static
cs101_information_objects.c:1436:1:Bitstring32WithCP24Time2a_create	32	static
cs101_information_objects.c:1442:1:Bitstring32WithCP24Time2a_createEx	24	static
cs101_information_objects.c:1460:1:Bitstring32WithCP24Time2a_getTimestamp	16	static
cs101_information_objects.c:1466:1:Bitstring32WithCP24Time2a_getFromBuffer	32	static
cs101_information_objects.c:1515:1:Bitstring32WithCP56Time2a_encode	32	static
cs101_information_objects.c:1545:1:Bitstring32WithCP56Time2a_initialize	16	static
cs101_information_objects.c:1552:1:Bitstring32WithCP56Time2a_destroy	16	static
cs101_information_objects.c:1558:1:Bitstring32WithCP56Time2a_create	32	static
cs101_information_objects.c:1564:1:Bitstring32WithCP56Time2a_createEx	24	static
cs101_information_objects.c:1583:1:Bitstring32WithCP56Time2a_getTimestamp	16	static
cs101_information_objects.c:1589:1:Bitstring32WithCP56Time2a_getFromBuffer	32	static
cs101_information_objects.c:1639:1:getScaledValue	24	static
cs101_information_objects.c:1653:1:setScaledValue	24	static
cs101_information_objects.c:1667:1:MeasuredValueNormalized_encode	32	static
cs101_information_objects.c:1690:1:MeasuredValueNormalized_initialize	16	static
cs101_information_objects.c:1697:1:MeasuredValueNormalized_destroy	16	static
cs101_information_objects.c:1703:1:MeasuredValueNormalized_create	24	static
cs101_information_objects.c:1722:1:MeasuredValueNormalized_getValue	24	static
cs101_information_objects.c:1730:1:MeasuredValueNormalized_setValue	24	static
cs101_information_objects.c:1743:1:MeasuredValueNormalized_getQuality	16	static
cs101_information_objects.c:1749:1:MeasuredValueNormalized_getFromBuffer	32	static
cs101_information_objects.c:1790:1:ParameterNormalizedValue_destroy	16	static
cs101_information_objects.c:1796:1:ParameterNormalizedValue_create	32	static
cs101_information_objects.c:1807:1:ParameterNormalizedValue_getValue	16	static
cs101_information_objects.c:1813:1:ParameterNormalizedValue_setValue	16	static
cs101_information_objects.c:1819:1:ParameterNormalizedValue_getQPM	16	static
cs101_information_objects.c:1825:1:ParameterNormalizedValue_getFromBuffer	40	static
cs101_information_objects.c:1843:1:MeasuredValueNormalizedWithoutQuality_encode	32	static
cs101_information_objects.c:1864:1:MeasuredValueNormalizedWithoutQuality_initialize	16	static
cs101_information_objects.c:1871:1:MeasuredValueNormalizedWithoutQuality_destroy	16	static
cs101_information_objects.c:1877:1:MeasuredValueNormalizedWithoutQuality_create	24	static
cs101_information_objects.c:1894:1:MeasuredValueNormalizedWithoutQuality_getValue	24	static
cs101_information_objects.c:1902:1:MeasuredValueNormalizedWithoutQuality_setValue	24	static
cs101_information_objects.c:1915:1:MeasuredValueNormalizedWithoutQuality_getFromBuffer	32	static
cs101_information_objects.c:1953:1:MeasuredValueNormalizedWithCP24Time2a_encode	32	static
cs101_information_objects.c:1974:1:MeasuredValueNormalizedWithCP24Time2a_initialize	16	static
cs101_information_objects.c:1981:1:MeasuredValueNormalizedWithCP24Time2a_destroy	16	static
cs101_information_objects.c:1987:1:MeasuredValueNormalizedWithCP24Time2a_create	32	static
cs101_information_objects.c:2009:1:MeasuredValueNormalizedWithCP24Time2a_getTimestamp	16	static
cs101_information_objects.c:2015:1:MeasuredValueNormalizedWithCP24Time2a_setTimestamp	24	static
cs101_information_objects.c:2025:1:MeasuredValueNormalizedWithCP24Time2a_getFromBuffer	32	static
cs101_information_objects.c:2069:1:MeasuredValueNormalizedWithCP56Time2a_encode	32	static
cs101_information_objects.c:2090:1:MeasuredValueNormalizedWithCP56Time2a_initialize	16	static
cs101_information_objects.c:2097:1:MeasuredValueNormalizedWithCP56Time2a_destroy	16	static
cs101_information_objects.c:2103:1:MeasuredValueNormalizedWithCP56Time2a_create	32	static
cs101_information_objects.c:2125:1:MeasuredValueNormalizedWithCP56Time2a_getTimestamp	16	static
cs101_information_objects.c:2131:1:MeasuredValueNormalizedWithCP56Time2a_setTimestamp	24	static
cs101_information_objects.c:2141:1:MeasuredValueNormalizedWithCP56Time2a_getFromBuffer	32	static
cs101_information_objects.c:2187:1:MeasuredValueScaled_encode	24	static
cs101_information_objects.c:2198:1:MeasuredValueScaled_initialize	16	static
cs101_information_objects.c:2205:1:MeasuredValueScaled_create	24	static
cs101_information_objects.c:2223:1:MeasuredValueScaled_destroy	16	static
cs101_information_objects.c:2230:1:MeasuredValueScaled_getValue	16	static
cs101_information_objects.c:2236:1:MeasuredValueScaled_setValue	16	static
cs101_information_objects.c:2242:1:MeasuredValueScaled_getQuality	16	static
cs101_information_objects.c:2248:1:MeasuredValueScaled_setQuality	16	static
cs101_information_objects.c:2254:1:MeasuredValueScaled_getFromBuffer	32	static
cs101_information_objects.c:2295:1:ParameterScaledValue_destroy	16	static
cs101_information_objects.c:2301:1:ParameterScaledValue_create	32	static
cs101_information_objects.c:2312:1:ParameterScaledValue_getValue	16	static
cs101_information_objects.c:2318:1:ParameterScaledValue_setValue	16	static
cs101_information_objects.c:2324:1:ParameterScaledValue_getQPM	16	static
cs101_information_objects.c:2330:1:ParameterScaledValue_getFromBuffer	40	static
cs101_information_objects.c:2348:1:MeasuredValueScaledWithCP24Time2a_encode	32	static
cs101_information_objects.c:2368:1:MeasuredValueScaledWithCP24Time2a_initialize	16	static
cs101_information_objects.c:2375:1:MeasuredValueScaledWithCP24Time2a_destroy	16	static
cs101_information_objects.c:2381:1:MeasuredValueScaledWithCP24Time2a_create	24	static
cs101_information_objects.c:2400:1:MeasuredValueScaledWithCP24Time2a_getTimestamp	16	static
cs101_information_objects.c:2406:1:MeasuredValueScaledWithCP24Time2a_setTimestamp	24	static
cs101_information_objects.c:2416:1:MeasuredValueScaledWithCP24Time2a_getFromBuffer	32	static
cs101_information_objects.c:2460:1:MeasuredValueScaledWithCP56Time2a_encode	32	static
cs101_information_objects.c:2481:1:MeasuredValueScaledWithCP56Time2a_initialize	16	static
cs101_information_objects.c:2488:1:MeasuredValueScaledWithCP56Time2a_destroy	16	static
cs101_information_objects.c:2494:1:MeasuredValueScaledWithCP56Time2a_create	24	static
cs101_information_objects.c:2513:1:MeasuredValueScaledWithCP56Time2a_getTimestamp	16	static
cs101_information_objects.c:2519:1:MeasuredValueScaledWithCP56Time2a_setTimestamp	24	static
cs101_information_objects.c:2530:1:MeasuredValueScaledWithCP56Time2a_getFromBuffer	32	static
cs101_information_objects.c:2575:1:MeasuredValueShort_encode	32	static
cs101_information_objects.c:2606:1:MeasuredValueShort_initialize	16	static
cs101_information_objects.c:2613:1:MeasuredValueShort_destroy	16	static
cs101_information_objects.c:2619:1:MeasuredValueShort_create	24	static
cs101_information_objects.c:2636:1:MeasuredValueShort_getValue	16	static
cs101_information_objects.c:2642:1:MeasuredValueShort_setValue	16	static
cs101_information_objects.c:2648:1:MeasuredValueShort_getQuality	16	static
cs101_information_objects.c:2654:1:MeasuredValueShort_getFromBuffer	32	static
cs101_information_objects.c:2706:1:ParameterFloatValue_destroy	16	static
cs101_information_objects.c:2712:1:ParameterFloatValue_create	32	static
cs101_information_objects.c:2723:1:ParameterFloatValue_getValue	16	static
cs101_information_objects.c:2729:1:ParameterFloatValue_setValue	16	static
cs101_information_objects.c:2735:1:ParameterFloatValue_getQPM	16	static
cs101_information_objects.c:2741:1:ParameterFloatValue_getFromBuffer	40	static
cs101_information_objects.c:2758:1:MeasuredValueShortWithCP24Time2a_encode	32	static
cs101_information_objects.c:2778:1:MeasuredValueShortWithCP24Time2a_initialize	16	static
cs101_information_objects.c:2785:1:MeasuredValueShortWithCP24Time2a_destroy	16	static
cs101_information_objects.c:2791:1:MeasuredValueShortWithCP24Time2a_create	32	static
cs101_information_objects.c:2810:1:MeasuredValueShortWithCP24Time2a_getTimestamp	16	static
cs101_information_objects.c:2816:1:MeasuredValueShortWithCP24Time2a_setTimestamp	24	static
cs101_information_objects.c:2826:1:MeasuredValueShortWithCP24Time2a_getFromBuffer	32	static
cs101_information_objects.c:2881:1:MeasuredValueShortWithCP56Time2a_encode	32	static
cs101_information_objects.c:2901:1:MeasuredValueShortWithCP56Time2a_initialize	16	static
cs101_information_objects.c:2908:1:MeasuredValueShortWithCP56Time2a_destroy	16	static
cs101_information_objects.c:2914:1:MeasuredValueShortWithCP56Time2a_create	32	static
cs101_information_objects.c:2933:1:MeasuredValueShortWithCP56Time2a_getTimestamp	16	static
cs101_information_objects.c:2939:1:MeasuredValueShortWithCP56Time2a_setTimestamp	24	static
cs101_information_objects.c:2949:1:MeasuredValueShortWithCP56Time2a_getFromBuffer	32	static
cs101_information_objects.c:3005:1:IntegratedTotals_encode	32	static
cs101_information_objects.c:3025:1:IntegratedTotals_initialize	16	static
cs101_information_objects.c:3032:1:IntegratedTotals_destroy	16	static
cs101_information_objects.c:3038:1:IntegratedTotals_create	24	static
cs101_information_objects.c:3054:1:IntegratedTotals_getBCR	16	static
cs101_information_objects.c:3060:1:IntegratedTotals_setBCR	24	static
cs101_information_objects.c:3069:1:IntegratedTotals_getFromBuffer	32	static
cs101_information_objects.c:3110:1:IntegratedTotalsWithCP24Time2a_encode	32	static
cs101_information_objects.c:3130:1:IntegratedTotalsWithCP24Time2a_initialize	16	static
cs101_information_objects.c:3137:1:IntegratedTotalsWithCP24Time2a_destroy	16	static
cs101_information_objects.c:3143:1:IntegratedTotalsWithCP24Time2a_create	24	static
cs101_information_objects.c:3162:1:IntegratedTotalsWithCP24Time2a_getTimestamp	16	static
cs101_information_objects.c:3168:1:IntegratedTotalsWithCP24Time2a_setTimestamp	24	static
cs101_information_objects.c:3179:1:IntegratedTotalsWithCP24Time2a_getFromBuffer	32	static
cs101_information_objects.c:3224:1:IntegratedTotalsWithCP56Time2a_encode	32	static
cs101_information_objects.c:3244:1:IntegratedTotalsWithCP56Time2a_initialize	16	static
cs101_information_objects.c:3251:1:IntegratedTotalsWithCP56Time2a_destroy	16	static
cs101_information_objects.c:3257:1:IntegratedTotalsWithCP56Time2a_create	24	static
cs101_information_objects.c:3275:1:IntegratedTotalsWithCP56Time2a_getTimestamp	16	static
cs101_information_objects.c:3281:1:IntegratedTotalsWithCP56Time2a_setTimestamp	24	static
cs101_information_objects.c:3292:1:IntegratedTotalsWithCP56Time2a_getFromBuffer	32	static
cs101_information_objects.c:3337:1:EventOfProtectionEquipment_encode	32	static
cs101_information_objects.c:3361:1:EventOfProtectionEquipment_initialize	16	static
cs101_information_objects.c:3368:1:EventOfProtectionEquipment_destroy	16	static
cs101_information_objects.c:3374:1:EventOfProtectionEquipment_create	24	static
cs101_information_objects.c:3393:1:EventOfProtectionEquipment_getFromBuffer	32	static
cs101_information_objects.c:3435:1:EventOfProtectionEquipment_getEvent	16	static
cs101_information_objects.c:3441:1:EventOfProtectionEquipment_getElapsedTime	16	static
cs101_information_objects.c:3447:1:EventOfProtectionEquipment_getTimestamp	16	static
cs101_information_objects.c:3457:1:EventOfProtectionEquipmentWithCP56Time2a_encode	32	static
cs101_information_objects.c:3481:1:EventOfProtectionEquipmentWithCP56Time2a_initialize	16	static
cs101_information_objects.c:3488:1:EventOfProtectionEquipmentWithCP56Time2a_destroy	16	static
cs101_information_objects.c:3494:1:EventOfProtectionEquipmentWithCP56Time2a_create	24	static
cs101_information_objects.c:3513:1:EventOfProtectionEquipmentWithCP56Time2a_getEvent	16	static
cs101_information_objects.c:3519:1:EventOfProtectionEquipmentWithCP56Time2a_getElapsedTime	16	static
cs101_information_objects.c:3525:1:EventOfProtectionEquipmentWithCP56Time2a_getTimestamp	16	static
cs101_information_objects.c:3531:1:EventOfProtectionEquipmentWithCP56Time2a_getFromBuffer	32	static
cs101_information_objects.c:3576:1:PackedStartEventsOfProtectionEquipment_encode	32	static
cs101_information_objects.c:3602:1:PackedStartEventsOfProtectionEquipment_initialize	16	static
cs101_information_objects.c:3609:1:PackedStartEventsOfProtectionEquipment_destroy	16	static
cs101_information_objects.c:3615:1:PackedStartEventsOfProtectionEquipment_create	24	static
cs101_information_objects.c:3635:1:PackedStartEventsOfProtectionEquipment_getEvent	16	static
cs101_information_objects.c:3641:1:PackedStartEventsOfProtectionEquipment_getQuality	16	static
cs101_information_objects.c:3647:1:PackedStartEventsOfProtectionEquipment_getElapsedTime	16	static
cs101_information_objects.c:3653:1:PackedStartEventsOfProtectionEquipment_getTimestamp	16	static
cs101_information_objects.c:3659:1:PackedStartEventsOfProtectionEquipment_getFromBuffer	32	static
cs101_information_objects.c:3707:1:PackedStartEventsOfProtectionEquipmentWithCP56Time2a_encode	32	static
cs101_information_objects.c:3733:1:PackedStartEventsOfProtectionEquipmentWithCP56Time2a_initialize	16	static
cs101_information_objects.c:3740:1:PackedStartEventsOfProtectionEquipmentWithCP56Time2a_destroy	16	static
cs101_information_objects.c:3746:1:PackedStartEventsOfProtectionEquipmentWithCP56Time2a_create	24	static
cs101_information_objects.c:3766:1:PackedStartEventsOfProtectionEquipmentWithCP56Time2a_getEvent	16	static
cs101_information_objects.c:3772:1:PackedStartEventsOfProtectionEquipmentWithCP56Time2a_getQuality	16	static
cs101_information_objects.c:3778:1:PackedStartEventsOfProtectionEquipmentWithCP56Time2a_getElapsedTime	16	static
cs101_information_objects.c:3784:1:PackedStartEventsOfProtectionEquipmentWithCP56Time2a_getTimestamp	16	static
cs101_information_objects.c:3790:1:PackedStartEventsOfProtectionEquipmentWithCP56Time2a_getFromBuffer	32	static
cs101_information_objects.c:3839:1:PacketOutputCircuitInfo_encode	32	static
cs101_information_objects.c:3865:1:PacketOutputCircuitInfo_initialize	16	static
cs101_information_objects.c:3872:1:PackedOutputCircuitInfo_destroy	16	static
cs101_information_objects.c:3878:1:PackedOutputCircuitInfo_create	24	static
cs101_information_objects.c:3898:1:PackedOutputCircuitInfo_getOCI	16	static
cs101_information_objects.c:3904:1:PackedOutputCircuitInfo_getQuality	16	static
cs101_information_objects.c:3910:1:PackedOutputCircuitInfo_getOperatingTime	16	static
cs101_information_objects.c:3916:1:PackedOutputCircuitInfo_getTimestamp	16	static
cs101_information_objects.c:3922:1:PackedOutputCircuitInfo_getFromBuffer	32	static
cs101_information_objects.c:3970:1:PackedOutputCircuitInfoWithCP56Time2a_encode	32	static
cs101_information_objects.c:3996:1:PackedOutputCircuitInfoWithCP56Time2a_initialize	16	static
cs101_information_objects.c:4003:1:PackedOutputCircuitInfoWithCP56Time2a_destroy	16	static
cs101_information_objects.c:4009:1:PackedOutputCircuitInfoWithCP56Time2a_create	24	static
cs101_information_objects.c:4029:1:PackedOutputCircuitInfoWithCP56Time2a_getOCI	16	static
cs101_information_objects.c:4035:1:PackedOutputCircuitInfoWithCP56Time2a_getQuality	16	static
cs101_information_objects.c:4041:1:PackedOutputCircuitInfoWithCP56Time2a_getOperatingTime	16	static
cs101_information_objects.c:4047:1:PackedOutputCircuitInfoWithCP56Time2a_getTimestamp	16	static
cs101_information_objects.c:4053:1:PackedOutputCircuitInfoWithCP56Time2a_getFromBuffer	32	static
cs101_information_objects.c:4102:1:PackedSinglePointWithSCD_encode	32	static
cs101_information_objects.c:4124:1:PackedSinglePointWithSCD_initialize	16	static
cs101_information_objects.c:4131:1:PackedSinglePointWithSCD_destroy	16	static
cs101_information_objects.c:4137:1:PackedSinglePointWithSCD_create	24	static
cs101_information_objects.c:4155:1:PackedSinglePointWithSCD_getQuality	16	static
cs101_information_objects.c:4161:1:PackedSinglePointWithSCD_getSCD	16	static
cs101_information_objects.c:4167:1:PackedSinglePointWithSCD_getFromBuffer	32	static
cs101_information_objects.c:4212:1:SingleCommand_encode	32	static
cs101_information_objects.c:4232:1:SingleCommand_initialize	16	static
cs101_information_objects.c:4239:1:SingleCommand_destroy	16	static
cs101_information_objects.c:4245:1:SingleCommand_create	32	static
cs101_information_objects.c:4268:1:SingleCommand_getQU	16	static
cs101_information_objects.c:4274:1:SingleCommand_getState	16	static
cs101_information_objects.c:4280:1:SingleCommand_isSelect	16	static
cs101_information_objects.c:4286:1:SingleCommand_getFromBuffer	32	static
cs101_information_objects.c:4320:1:SingleCommandWithCP56Time2a_encode	32	static
cs101_information_objects.c:4340:1:SingleCommandWithCP56Time2a_initialize	16	static
cs101_information_objects.c:4347:1:SingleCommandWithCP56Time2a_destroy	16	static
cs101_information_objects.c:4353:1:SingleCommandWithCP56Time2a_create	32	static
cs101_information_objects.c:4378:1:SingleCommandWithCP56Time2a_getTimestamp	16	static
cs101_information_objects.c:4384:1:SingleCommandWithCP56Time2a_getFromBuffer	32	static
cs101_information_objects.c:4421:1:DoubleCommand_encode	32	static
cs101_information_objects.c:4441:1:DoubleCommand_initialize	16	static
cs101_information_objects.c:4448:1:DoubleCommand_destroy	16	static
cs101_information_objects.c:4454:1:DoubleCommand_create	32	static
cs101_information_objects.c:4477:1:DoubleCommand_getQU	16	static
cs101_information_objects.c:4483:1:DoubleCommand_getState	16	static
cs101_information_objects.c:4489:1:DoubleCommand_isSelect	16	static
cs101_information_objects.c:4495:1:DoubleCommand_getFromBuffer	32	static
cs101_information_objects.c:4529:1:DoubleCommandWithCP56Time2a_encode	32	static
cs101_information_objects.c:4549:1:DoubleCommandWithCP56Time2a_initialize	16	static
cs101_information_objects.c:4556:1:DoubleCommandWithCP56Time2a_destroy	16	static
cs101_information_objects.c:4562:1:DoubleCommandWithCP56Time2a_create	32	static
cs101_information_objects.c:4587:1:DoubleCommandWithCP56Time2a_getQU	16	static
cs101_information_objects.c:4593:1:DoubleCommandWithCP56Time2a_getState	16	static
cs101_information_objects.c:4599:1:DoubleCommandWithCP56Time2a_isSelect	16	static
cs101_information_objects.c:4605:1:DoubleCommandWithCP56Time2a_getFromBuffer	32	static
cs101_information_objects.c:4637:1:DoubleCommandWithCP56Time2a_getTimestamp	16	static
cs101_information_objects.c:4647:1:StepCommand_encode	32	static
cs101_information_objects.c:4667:1:StepCommand_initialize	16	static
cs101_information_objects.c:4674:1:StepCommand_destroy	16	static
cs101_information_objects.c:4680:1:StepCommand_create	32	static
cs101_information_objects.c:4705:1:StepCommand_getQU	16	static
cs101_information_objects.c:4711:1:StepCommand_getState	16	static
cs101_information_objects.c:4717:1:StepCommand_isSelect	16	static
cs101_information_objects.c:4723:1:StepCommand_getFromBuffer	32	static
cs101_information_objects.c:4757:1:StepCommandWithCP56Time2a_encode	32	static
cs101_information_objects.c:4777:1:StepCommandWithCP56Time2a_initialize	16	static
cs101_information_objects.c:4784:1:StepCommandWithCP56Time2a_destroy	16	static
cs101_information_objects.c:4790:1:StepCommandWithCP56Time2a_create	32	static
cs101_information_objects.c:4815:1:StepCommandWithCP56Time2a_getQU	16	static
cs101_information_objects.c:4821:1:StepCommandWithCP56Time2a_getState	16	static
cs101_information_objects.c:4827:1:StepCommandWithCP56Time2a_isSelect	16	static
cs101_information_objects.c:4833:1:StepCommandWithCP56Time2a_getFromBuffer	32	static
cs101_information_objects.c:4865:1:StepCommandWithCP56Time2a_getTimestamp	16	static
cs101_information_objects.c:4876:1:SetpointCommandNormalized_encode	32	static
cs101_information_objects.c:4897:1:SetpointCommandNormalized_initialize	16	static
cs101_information_objects.c:4904:1:SetpointCommandNormalized_destroy	16	static
cs101_information_objects.c:4910:1:SetpointCommandNormalized_create	40	static
cs101_information_objects.c:4935:1:SetpointCommandNormalized_getValue	24	static
cs101_information_objects.c:4943:1:SetpointCommandNormalized_getQL	16	static
cs101_information_objects.c:4949:1:SetpointCommandNormalized_isSelect	16	static
cs101_information_objects.c:4955:1:SetpointCommandNormalized_getFromBuffer	32	static
cs101_information_objects.c:4991:1:SetpointCommandNormalizedWithCP56Time2a_encode	32	static
cs101_information_objects.c:5011:1:SetpointCommandNormalizedWithCP56Time2a_initialize	16	static
cs101_information_objects.c:5018:1:SetpointCommandNormalizedWithCP56Time2a_destroy	16	static
cs101_information_objects.c:5024:1:SetpointCommandNormalizedWithCP56Time2a_create	40	static
cs101_information_objects.c:5051:1:SetpointCommandNormalizedWithCP56Time2a_getValue	16	static
cs101_information_objects.c:5057:1:SetpointCommandNormalizedWithCP56Time2a_getQL	16	static
cs101_information_objects.c:5063:1:SetpointCommandNormalizedWithCP56Time2a_isSelect	16	static
cs101_information_objects.c:5069:1:SetpointCommandNormalizedWithCP56Time2a_getFromBuffer	32	static
cs101_information_objects.c:5104:1:SetpointCommandNormalizedWithCP56Time2a_getTimestamp	16	static
cs101_information_objects.c:5115:1:SetpointCommandScaled_encode	32	static
cs101_information_objects.c:5136:1:SetpointCommandScaled_initialize	16	static
cs101_information_objects.c:5143:1:SetpointCommandScaled_destroy	16	static
cs101_information_objects.c:5149:1:SetpointCommandScaled_create	32	static
cs101_information_objects.c:5172:1:SetpointCommandScaled_getValue	16	static
cs101_information_objects.c:5178:1:SetpointCommandScaled_getQL	16	static
cs101_information_objects.c:5184:1:SetpointCommandScaled_isSelect	16	static
cs101_information_objects.c:5190:1:SetpointCommandScaled_getFromBuffer	32	static
cs101_information_objects.c:5226:1:SetpointCommandScaledWithCP56Time2a_encode	32	static
cs101_information_objects.c:5246:1:SetpointCommandScaledWithCP56Time2a_initialize	16	static
cs101_information_objects.c:5253:1:SetpointCommandScaledWithCP56Time2a_destroy	16	static
cs101_information_objects.c:5259:1:SetpointCommandScaledWithCP56Time2a_create	32	static
cs101_information_objects.c:5284:1:SetpointCommandScaledWithCP56Time2a_getValue	16	static
cs101_information_objects.c:5290:1:SetpointCommandScaledWithCP56Time2a_getQL	16	static
cs101_information_objects.c:5296:1:SetpointCommandScaledWithCP56Time2a_isSelect	16	static
cs101_information_objects.c:5302:1:SetpointCommandScaledWithCP56Time2a_getFromBuffer	32	static
cs101_information_objects.c:5337:1:SetpointCommandScaledWithCP56Time2a_getTimestamp	16	static
cs101_information_objects.c:5347:1:SetpointCommandShort_encode	32	static
cs101_information_objects.c:5378:1:SetpointCommandShort_initialize	16	static
cs101_information_objects.c:5385:1:SetpointCommandShort_destroy	16	static
cs101_information_objects.c:5391:1:SetpointCommandShort_create	40	static
cs101_information_objects.c:5414:1:SetpointCommandShort_getValue	16	static
cs101_information_objects.c:5420:1:SetpointCommandShort_getQL	16	static
cs101_information_objects.c:5426:1:SetpointCommandShort_isSelect	16	static
cs101_information_objects.c:5432:1:SetpointCommandShort_getFromBuffer	32	static
cs101_information_objects.c:5480:1:SetpointCommandShortWithCP56Time2a_encode	32	static
cs101_information_objects.c:5500:1:SetpointCommandShortWithCP56Time2a_initialize	16	static
cs101_information_objects.c:5507:1:SetpointCommandShortWithCP56Time2a_destroy	16	static
cs101_information_objects.c:5513:1:SetpointCommandShortWithCP56Time2a_create	40	static
cs101_information_objects.c:5538:1:SetpointCommandShortWithCP56Time2a_getValue	16	static
cs101_information_objects.c:5544:1:SetpointCommandShortWithCP56Time2a_getQL	16	static
cs101_information_objects.c:5550:1:SetpointCommandShortWithCP56Time2a_isSelect	16	static
cs101_information_objects.c:5556:1:SetpointCommandShortWithCP56Time2a_getFromBuffer	32	static
cs101_information_objects.c:5602:1:SetpointCommandShortWithCP56Time2a_getTimestamp	16	static
cs101_information_objects.c:5612:1:Bitstring32Command_encode	32	static
cs101_information_objects.c:5641:1:Bitstring32Command_initialize	16	static
cs101_information_objects.c:5648:1:Bitstring32Command_create	24	static
cs101_information_objects.c:5665:1:Bitstring32Command_destroy	16	static
cs101_information_objects.c:5671:1:Bitstring32Command_getValue	16	static
cs101_information_objects.c:5677:1:Bitstring32Command_getFromBuffer	32	static
cs101_information_objects.c:5722:1:Bitstring32CommandWithCP56Time2a_encode	32	static
cs101_information_objects.c:5742:1:Bitstring32CommandWithCP56Time2a_initialize	16	static
cs101_information_objects.c:5749:1:Bitstring32CommandWithCP56Time2a_create	24	static
cs101_information_objects.c:5768:1:Bitstring32CommandWithCP56Time2a_destroy	16	static
cs101_information_objects.c:5774:1:Bitstring32CommandWithCP56Time2a_getValue	16	static
cs101_information_objects.c:5780:1:Bitstring32CommandWithCP56Time2a_getTimestamp	16	static
cs101_information_objects.c:5786:1:Bitstring32CommandWithCP56Time2a_getFromBuffer	32	static
cs101_information_objects.c:5834:1:ReadCommand_encode	32	static
cs101_information_objects.c:5852:1:ReadCommand_initialize	16	static
cs101_information_objects.c:5859:1:ReadCommand_create	16	static
cs101_information_objects.c:5874:1:ReadCommand_destroy	16	static
cs101_information_objects.c:5881:1:ReadCommand_getFromBuffer	32	static
cs101_information_objects.c:5909:1:ClockSynchronizationCommand_encode	32	static
cs101_information_objects.c:5929:1:ClockSynchronizationCommand_initialize	16	static
cs101_information_objects.c:5936:1:ClockSynchronizationCommand_create	24	static
cs101_information_objects.c:5952:1:ClockSynchronizationCommand_destroy	16	static
cs101_information_objects.c:5958:1:ClockSynchronizationCommand_getTime	16	static
cs101_information_objects.c:5964:1:ClockSynchronizationCommand_getFromBuffer	32	static
cs101_information_objects.c:5997:1:InterrogationCommand_encode	32	static
cs101_information_objects.c:6017:1:InterrogationCommand_initialize	16	static
cs101_information_objects.c:6024:1:InterrogationCommand_create	24	static
cs101_information_objects.c:6041:1:InterrogationCommand_destroy	16	static
cs101_information_objects.c:6047:1:InterrogationCommand_getQOI	16	static
cs101_information_objects.c:6053:1:InterrogationCommand_getFromBuffer	32	static
cs101_information_objects.c:6086:1:CounterInterrogationCommand_encode	32	static
cs101_information_objects.c:6106:1:CounterInterrogationCommand_initialize	16	static
cs101_information_objects.c:6113:1:CounterInterrogationCommand_create	24	static
cs101_information_objects.c:6130:1:CounterInterrogationCommand_destroy	16	static
cs101_information_objects.c:6136:1:CounterInterrogationCommand_getQCC	16	static
cs101_information_objects.c:6142:1:CounterInterrogationCommand_getFromBuffer	32	static
cs101_information_objects.c:6175:1:TestCommand_encode	32	static
cs101_information_objects.c:6196:1:TestCommand_initialize	16	static
cs101_information_objects.c:6203:1:TestCommand_create	16	static
cs101_information_objects.c:6221:1:TestCommand_destroy	16	static
cs101_information_objects.c:6227:1:TestCommand_isValid	16	static
cs101_information_objects.c:6236:1:TestCommand_getFromBuffer	32	static
cs101_information_objects.c:6270:1:TestCommandWithCP56Time2a_encode	32	static
cs101_information_objects.c:6293:1:TestCommandWithCP56Time2a_initialize	16	static
cs101_information_objects.c:6300:1:TestCommandWithCP56Time2a_create	24	static
cs101_information_objects.c:6318:1:TestCommandWithCP56Time2a_destroy	16	static
cs101_information_objects.c:6324:1:TestCommandWithCP56Time2a_getCounter	16	static
cs101_information_objects.c:6330:1:TestCommandWithCP56Time2a_getTimestamp	16	static
cs101_information_objects.c:6336:1:TestCommandWithCP56Time2a_getFromBuffer	32	static
cs101_information_objects.c:6374:1:ResetProcessCommand_encode	32	static
cs101_information_objects.c:6394:1:ResetProcessCommand_initialize	16	static
cs101_information_objects.c:6401:1:ResetProcessCommand_create	24	static
cs101_information_objects.c:6418:1:ResetProcessCommand_destroy	16	static
cs101_information_objects.c:6424:1:ResetProcessCommand_getQRP	16	static
cs101_information_objects.c:6430:1:ResetProcessCommand_getFromBuffer	32	static
cs101_information_objects.c:6463:1:DelayAcquisitionCommand_encode	32	static
cs101_information_objects.c:6483:1:DelayAcquisitionCommand_initialize	16	static
cs101_information_objects.c:6490:1:DelayAcquisitionCommand_create	24	static
cs101_information_objects.c:6507:1:DelayAcquisitionCommand_destroy	16	static
cs101_information_objects.c:6513:1:DelayAcquisitionCommand_getDelay	16	static
cs101_information_objects.c:6519:1:DelayAcquisitionCommand_getFromBuffer	32	static
cs101_information_objects.c:6553:1:ParameterActivation_encode	32	static
cs101_information_objects.c:6573:1:ParameterActivation_initialize	16	static
cs101_information_objects.c:6580:1:ParameterActivation_destroy	16	static
cs101_information_objects.c:6587:1:ParameterActivation_create	24	static
cs101_information_objects.c:6604:1:ParameterActivation_getQuality	16	static
cs101_information_objects.c:6610:1:ParameterActivation_getFromBuffer	32	static
cs101_information_objects.c:6643:1:EndOfInitialization_encode	32	static
cs101_information_objects.c:6663:1:EndOfInitialization_initialize	16	static
cs101_information_objects.c:6670:1:EndOfInitialization_create	16	static
cs101_information_objects.c:6687:1:EndOfInitialization_destroy	16	static
cs101_information_objects.c:6693:1:EndOfInitialization_getCOI	16	static
cs101_information_objects.c:6699:1:EndOfInitialization_getFromBuffer	32	static
cs101_information_objects.c:6732:1:FileReady_encode	32	static
cs101_information_objects.c:6759:1:FileReady_initialize	16	static
cs101_information_objects.c:6766:1:FileReady_create	24	static
cs101_information_objects.c:6788:1:FileReady_getFRQ	16	static
cs101_information_objects.c:6794:1:FileReady_setFRQ	16	static
cs101_information_objects.c:6800:1:FileReady_isPositive	16	static
cs101_information_objects.c:6806:1:FileReady_getNOF	16	static
cs101_information_objects.c:6812:1:FileReady_getLengthOfFile	16	static
cs101_information_objects.c:6818:1:FileReady_destroy	16	static
cs101_information_objects.c:6824:1:FileReady_getFromBuffer	32	static
cs101_information_objects.c:6864:1:SectionReady_encode	32	static
cs101_information_objects.c:6893:1:SectionReady_initialize	16	static
cs101_information_objects.c:6900:1:SectionReady_create	24	static
cs101_information_objects.c:6924:1:SectionReady_isNotReady	16	static
cs101_information_objects.c:6930:1:SectionReady_getSRQ	16	static
cs101_information_objects.c:6936:1:SectionReady_setSRQ	16	static
cs101_information_objects.c:6942:1:SectionReady_getNOF	16	static
cs101_information_objects.c:6948:1:SectionReady_getNameOfSection	16	static
cs101_information_objects.c:6954:1:SectionReady_getLengthOfSection	16	static
cs101_information_objects.c:6960:1:SectionReady_destroy	16	static
cs101_information_objects.c:6967:1:SectionReady_getFromBuffer	32	static
cs101_information_objects.c:7009:1:FileCallOrSelect_encode	32	static
cs101_information_objects.c:7034:1:FileCallOrSelect_initialize	16	static
cs101_information_objects.c:7041:1:FileCallOrSelect_create	24	static
cs101_information_objects.c:7059:1:FileCallOrSelect_getNOF	16	static
cs101_information_objects.c:7065:1:FileCallOrSelect_getNameOfSection	16	static
cs101_information_objects.c:7071:1:FileCallOrSelect_getSCQ	16	static
cs101_information_objects.c:7078:1:FileCallOrSelect_destroy	16	static
cs101_information_objects.c:7085:1:FileCallOrSelect_getFromBuffer	32	static
cs101_information_objects.c:7122:1:FileLastSegmentOrSection_encode	24	static
cs101_information_objects.c:7144:1:FileLastSegmentOrSection_initialize	16	static
cs101_information_objects.c:7151:1:FileLastSegmentOrSection_create	24	static
cs101_information_objects.c:7170:1:FileLastSegmentOrSection_getNOF	16	static
cs101_information_objects.c:7176:1:FileLastSegmentOrSection_getNameOfSection	16	static
cs101_information_objects.c:7182:1:FileLastSegmentOrSection_getLSQ	16	static
cs101_information_objects.c:7188:1:FileLastSegmentOrSection_getCHS	16	static
cs101_information_objects.c:7194:1:FileLastSegmentOrSection_destroy	16	static
cs101_information_objects.c:7200:1:FileLastSegmentOrSection_getFromBuffer	32	static
cs101_information_objects.c:7239:1:FileACK_encode	24	static
cs101_information_objects.c:7259:1:FileACK_initialize	16	static
cs101_information_objects.c:7267:1:FileACK_create	24	static
cs101_information_objects.c:7285:1:FileACK_getNOF	16	static
cs101_information_objects.c:7291:1:FileACK_getNameOfSection	16	static
cs101_information_objects.c:7297:1:FileACK_getAFQ	16	static
cs101_information_objects.c:7303:1:FileACK_destroy	16	static
cs101_information_objects.c:7309:1:FileACK_getFromBuffer	32	static
cs101_information_objects.c:7347:1:FileSegment_encode	32	static
cs101_information_objects.c:7372:1:FileSegment_initialize	16	static
cs101_information_objects.c:7379:1:FileSegment_create	24	static
cs101_information_objects.c:7398:1:FileSegment_getNOF	16	static
cs101_information_objects.c:7404:1:FileSegment_getNameOfSection	16	static
cs101_information_objects.c:7410:1:FileSegment_getLengthOfSegment	16	static
cs101_information_objects.c:7416:1:FileSegment_getSegmentData	16	static
cs101_information_objects.c:7423:1:FileSegment_GetMaxDataSize	24	static
cs101_information_objects.c:7433:1:FileSegment_destroy	16	static
cs101_information_objects.c:7439:1:FileSegment_getFromBuffer	32	static
cs101_information_objects.c:7483:1:FileDirectory_encode	32	static
cs101_information_objects.c:7512:1:FileDirectory_initialize	16	static
cs101_information_objects.c:7519:1:FileDirectory_create	24	static
cs101_information_objects.c:7538:1:FileDirectory_getNOF	16	static
cs101_information_objects.c:7544:1:FileDirectory_getSOF	16	static
cs101_information_objects.c:7550:1:FileDirectory_getSTATUS	16	static
cs101_information_objects.c:7556:1:FileDirectory_getLFD	16	static
cs101_information_objects.c:7562:1:FileDirectory_getFOR	16	static
cs101_information_objects.c:7568:1:FileDirectory_getFA	16	static
cs101_information_objects.c:7575:1:FileDirectory_getLengthOfFile	16	static
cs101_information_objects.c:7581:1:FileDirectory_getCreationTime	16	static
cs101_information_objects.c:7587:1:FileDirectory_destroy	16	static
cs101_information_objects.c:7593:1:FileDirectory_getFromBuffer	32	static
cs101_information_objects.c:7638:1:QueryLog_encode	32	static
cs101_information_objects.c:7662:1:QueryLog_initialize	16	static
cs101_information_objects.c:7669:1:QueryLog_create	24	static
cs101_information_objects.c:7687:1:QueryLog_getNOF	16	static
cs101_information_objects.c:7693:1:QueryLog_getRangeStartTime	16	static
cs101_information_objects.c:7699:1:QueryLog_getRangeStopTime	16	static
cs101_information_objects.c:7705:1:QueryLog_destroy	16	static
cs101_information_objects.c:7711:1:QueryLog_getFromBuffer	32	static
