cs104_connection.c:160:1:writeToSocket	32	static
cs104_connection.c:176:1:prepareSMessage	16	static
cs104_connection.c:185:1:sendSMessage	24	static
cs104_connection.c:202:1:sendIMessage	24	static
cs104_connection.c:223:1:createConnection	32	static
cs104_connection.c:270:1:CS104_Connection_create	16	static
cs104_connection.c:297:1:resetT3Timeout	24	static
cs104_connection.c:303:1:resetConnection	16	static
cs104_connection.c:337:1:checkSequenceNumber	32	static
cs104_connection.c:427:1:isSentBufferFull	24	static
cs104_connection.c:441:1:CS104_Connection_close	16	static
cs104_connection.c:454:1:CS104_Connection_destroy	16	static
cs104_connection.c:475:1:CS104_Connection_setLocalAddress	24	static
cs104_connection.c:491:1:CS104_Connection_setAPCIParameters	24	static
cs104_connection.c:499:1:CS104_Connection_setAppLayerParameters	24	static
cs104_connection.c:505:1:CS104_Connection_getAppLayerParameters	16	static
cs104_connection.c:511:1:CS104_Connection_setConnectTimeout	16	static
cs104_connection.c:517:1:CS104_Connection_getAPCIParameters	16	static
cs104_connection.c:526:1:readFromSocket	24	static
cs104_connection.c:544:1:receiveMessage	48	static
cs104_connection.c:606:1:checkConfirmTimeout	32	static
cs104_connection.c:618:1:confirmOutstandingMessages	16	static
cs104_connection.c:627:1:checkMessage	40	static
cs104_connection.c:734:1:handleTimeouts	48	static
cs104_connection.c:924:1:CS104_Connection_connectAsync	16	static
cs104_connection.c:944:1:CS104_Connection_connect	16	static
cs104_connection.c:959:1:CS104_Connection_setASDUReceivedHandler	24	static
cs104_connection.c:966:1:CS104_Connection_setConnectionHandler	24	static
cs104_connection.c:973:1:CS104_Connection_setRawMessageHandler	24	static
cs104_connection.c:980:1:encodeIdentificationField	24	static
cs104_connection.c:998:1:encodeIOA	24	static
cs104_connection.c:1010:1:CS104_Connection_sendStartDT	16	static
cs104_connection.c:1023:1:CS104_Connection_sendStopDT	16	static
cs104_connection.c:1038:1:sendIMessageAndUpdateSentASDUs	32	static
cs104_connection.c:1065:1:sendASDUInternal	24	static
cs104_connection.c:1082:1:CS104_Connection_sendInterrogationCommand	40	static
cs104_connection.c:1097:1:CS104_Connection_sendCounterInterrogationCommand	40	static
cs104_connection.c:1112:1:CS104_Connection_sendReadCommand	40	static
cs104_connection.c:1124:1:CS104_Connection_sendClockSyncCommand	40	static
cs104_connection.c:1138:1:CS104_Connection_sendTestCommand	32	static
cs104_connection.c:1153:1:CS104_Connection_sendTestCommandWithTimestamp	56	static
cs104_connection.c:1163:1:CS104_Connection_sendProcessCommand	40	static
cs104_connection.c:1178:1:CS104_Connection_sendProcessCommandEx	40	static
cs104_connection.c:1192:1:CS104_Connection_sendASDU	24	static
cs104_connection.c:1202:1:CS104_Connection_isTransmitBufferFull	16	static
