cpXXtime2a.c:42:1:CP16Time2a_getFromBuffer	32	static
cpXXtime2a.c:56:1:CP16Time2a_getEplapsedTimeInMs	16	static
cpXXtime2a.c:62:1:CP16Time2a_setEplapsedTimeInMs	16	static
cpXXtime2a.c:69:1:CP16Time2a_getEncodedValue	16	static
cpXXtime2a.c:79:1:getMillisecond	16	static
cpXXtime2a.c:85:1:setMillisecond	24	static
cpXXtime2a.c:99:1:getSecond	16	static
cpXXtime2a.c:105:1:setSecond	24	static
cpXXtime2a.c:118:1:getMinute	16	static
cpXXtime2a.c:124:1:setMinute	16	static
cpXXtime2a.c:130:1:isInvalid	16	static
cpXXtime2a.c:136:1:setInvalid	16	static
cpXXtime2a.c:145:1:isSubstituted	16	static
cpXXtime2a.c:151:1:setSubstituted	16	static
cpXXtime2a.c:164:1:CP24Time2a_getFromBuffer	32	static
cpXXtime2a.c:178:1:CP24Time2a_getMillisecond	16	static
cpXXtime2a.c:184:1:CP24Time2a_setMillisecond	16	static
cpXXtime2a.c:190:1:CP24Time2a_getSecond	16	static
cpXXtime2a.c:196:1:CP24Time2a_setSecond	16	static
cpXXtime2a.c:202:1:CP24Time2a_getMinute	16	static
cpXXtime2a.c:209:1:CP24Time2a_setMinute	16	static
cpXXtime2a.c:215:1:CP24Time2a_isInvalid	16	static
cpXXtime2a.c:221:1:CP24Time2a_setInvalid	16	static
cpXXtime2a.c:227:1:CP24Time2a_isSubstituted	16	static
cpXXtime2a.c:233:1:CP24Time2a_setSubstituted	16	static
cpXXtime2a.c:295:1:my_mktime	112	static
cpXXtime2a.c:314:1:CP32Time2a_create	16	static
cpXXtime2a.c:325:1:CP32Time2a_getFromBuffer	32	static
cpXXtime2a.c:339:1:CP32Time2a_getMillisecond	16	static
cpXXtime2a.c:345:1:CP32Time2a_setMillisecond	24	static
cpXXtime2a.c:355:1:CP32Time2a_getSecond	16	static
cpXXtime2a.c:361:1:CP32Time2a_setSecond	16	static
cpXXtime2a.c:367:1:CP32Time2a_getMinute	16	static
cpXXtime2a.c:374:1:CP32Time2a_setMinute	16	static
cpXXtime2a.c:380:1:CP32Time2a_isInvalid	16	static
cpXXtime2a.c:386:1:CP32Time2a_setInvalid	16	static
cpXXtime2a.c:392:1:CP32Time2a_isSubstituted	16	static
cpXXtime2a.c:398:1:CP32Time2a_setSubstituted	16	static
cpXXtime2a.c:404:1:CP32Time2a_getHour	16	static
cpXXtime2a.c:410:1:CP32Time2a_setHour	16	static
cpXXtime2a.c:416:1:CP32Time2a_isSummerTime	16	static
cpXXtime2a.c:422:1:CP32Time2a_setSummerTime	16	static
cpXXtime2a.c:431:1:CP32Time2a_setFromMsTimestamp	80	static
cpXXtime2a.c:457:1:CP32Time2a_getEncodedValue	16	static
cpXXtime2a.c:467:1:CP56Time2a_createFromMsTimestamp	24	static
cpXXtime2a.c:482:1:CP56Time2a_setFromMsTimestamp	80	static
cpXXtime2a.c:518:1:CP56Time2a_toMsTimestamp	88	static
cpXXtime2a.c:537:1:CP56Time2a_getFromBuffer	32	static
cpXXtime2a.c:551:1:CP56Time2a_getMillisecond	16	static
cpXXtime2a.c:557:1:CP56Time2a_setMillisecond	16	static
cpXXtime2a.c:563:1:CP56Time2a_getSecond	16	static
cpXXtime2a.c:569:1:CP56Time2a_setSecond	16	static
cpXXtime2a.c:575:1:CP56Time2a_getMinute	16	static
cpXXtime2a.c:581:1:CP56Time2a_setMinute	16	static
cpXXtime2a.c:587:1:CP56Time2a_getHour	16	static
cpXXtime2a.c:593:1:CP56Time2a_setHour	16	static
cpXXtime2a.c:599:1:CP56Time2a_getDayOfWeek	16	static
cpXXtime2a.c:605:1:CP56Time2a_setDayOfWeek	16	static
cpXXtime2a.c:611:1:CP56Time2a_getDayOfMonth	16	static
cpXXtime2a.c:617:1:CP56Time2a_setDayOfMonth	16	static
cpXXtime2a.c:623:1:CP56Time2a_getMonth	16	static
cpXXtime2a.c:629:1:CP56Time2a_setMonth	16	static
cpXXtime2a.c:635:1:CP56Time2a_getYear	16	static
cpXXtime2a.c:641:1:CP56Time2a_setYear	16	static
cpXXtime2a.c:649:1:CP56Time2a_isSummerTime	16	static
cpXXtime2a.c:655:1:CP56Time2a_setSummerTime	16	static
cpXXtime2a.c:664:1:CP56Time2a_isInvalid	16	static
cpXXtime2a.c:670:1:CP56Time2a_setInvalid	16	static
cpXXtime2a.c:676:1:CP56Time2a_isSubstituted	16	static
cpXXtime2a.c:682:1:CP56Time2a_setSubstituted	16	static
cpXXtime2a.c:688:1:CP56Time2a_getEncodedValue	16	static
