link_layer.c:112:1:LinkLayer_init	24	static
link_layer.c:134:1:LinkLayer_setDIR	16	static
link_layer.c:140:1:LinkLayer_setAddress	16	static
link_layer.c:146:1:LinkLayer_getBroadcastAddress	16	static
link_layer.c:158:1:LinkLayerSecondaryUnbalanced_create	32	static
link_layer.c:190:1:LinkLayerSecondaryUnbalanced_destroy	16	static
link_layer.c:197:1:LinkLayerSecondaryUnbalanced_setStateChangeHandler	24	static
link_layer.c:206:1:SendSingleCharCharacter	24	static
link_layer.c:214:1:SendFixedFrame	40	static
link_layer.c:258:1:SendVariableLengthFrame	64	static
link_layer.c:319:1:checkFCB	16	static
link_layer.c:330:1:LinkLayerSecondaryUnbalanced_handleMessage	104	static
link_layer.c:472:1:llsu_setState	16	static
link_layer.c:484:1:ParserHeaderSecondaryUnbalanced	88	static
link_layer.c:600:1:HandleMessageBalancedAndPrimaryUnbalanced	104	static
link_layer.c:730:1:LinkLayerSecondaryUnbalanced_setIdleTimeout	16	static
link_layer.c:736:1:LinkLayerSecondaryUnbalanced_setAddress	16	static
link_layer.c:742:1:LinkLayerSecondaryUnbalanced_run	32	static
link_layer.c:762:1:LinkLayerSecondaryBalanced_init	24	static
link_layer.c:771:1:LinkLayerSecondaryBalanced_checkFCB	16	static
link_layer.c:784:1:LinkLayerSecondaryBalanced_handleMessage	40	static
link_layer.c:915:1:LinkLayerPrimaryBalanced_init	24	static
link_layer.c:937:1:llpb_setNewState	16	static
link_layer.c:948:1:LinkLayerPrimaryBalanced_setStateChangeHandler	24	static
link_layer.c:957:1:LinkLayerPrimaryBalanced_handleMessage	40	static
link_layer.c:1093:1:LinkLayerPrimaryBalanced_runStateMachine	104	static
link_layer.c:1263:1:LinkLayerBalanced_create	32	static
link_layer.c:1289:1:LinkLayerPrimaryBalanced_resetIdleTimeout	16	static
link_layer.c:1295:1:LinkLayerBalanced_sendLinkLayerTestFunction	16	static
link_layer.c:1301:1:LinkLayerBalanced_setStateChangeHandler	24	static
link_layer.c:1309:1:LinkLayerBalanced_setIdleTimeout	16	static
link_layer.c:1316:1:LinkLayerBalanced_setDIR	16	static
link_layer.c:1322:1:LinkLayerBalanced_setAddress	16	static
link_layer.c:1328:1:LinkLayerBalanced_setOtherStationAddress	16	static
link_layer.c:1334:1:LinkLayerBalanced_destroy	16	static
link_layer.c:1342:1:LinkLayerBalanced_run	24	static
link_layer.c:1390:1:LinkLayerPrimaryUnbalanced_create	40	static
link_layer.c:1423:1:LinkLayerPrimaryUnbalanced_setStateChangeHandler	24	static
link_layer.c:1431:1:LinkLayerPrimaryUnbalanced_destroy	16	static
link_layer.c:1470:1:LinkLayerSlaveConnection_create	24	static
link_layer.c:1502:1:llsc_setState	16	static
link_layer.c:1514:1:LinkLayerSlaveConnection_HandleMessage	56	static
link_layer.c:1708:1:llsc_isMessageWaitingToSend	16	static
link_layer.c:1717:1:LinkLayerSlaveConnection_runStateMachine	104	static
link_layer.c:1918:1:LinkLayerPrimaryUnbalanced_getSlaveConnection	32	static
link_layer.c:1940:1:LinkLayerPrimaryUnbalanced_addSlaveConnection	24	static
link_layer.c:1953:1:LinkLayerPrimaryUnbalanced_resetCU	24	static
link_layer.c:1963:1:LinkLayerPrimaryUnbalanced_isChannelAvailable	24	static
link_layer.c:1974:1:LinkLayerPrimaryUnbalanced_sendLinkLayerTestFunction	24	static
link_layer.c:1983:1:LinkLayerPrimaryUnbalanced_requestClass1Data	24	static
link_layer.c:1996:1:LinkLayerPrimaryUnbalanced_requestClass2Data	24	static
link_layer.c:2009:1:LinkLayerPrimaryUnbalanced_sendConfirmed	32	static
link_layer.c:2030:1:LinkLayerPrimaryUnbalanced_sendNoReply	32	static
link_layer.c:2065:1:LinkLayerPrimaryUnbalanced_handleMessage	40	static
link_layer.c:2084:1:LinkLayerPrimaryUnbalanced_runStateMachine	40	static
link_layer.c:2113:1:LinkLayerPrimaryUnbalanced_run	24	static
